
===========================================================================
report_checks -unconstrained
===========================================================================
======================= Fastest Corner ===================================

Startpoint: _29288_ (rising edge-triggered flip-flop clocked by clk)
Endpoint: _29386_ (rising edge-triggered flip-flop clocked by clk)
Path Group: clk
Path Type: max
Corner: Fastest

Fanout     Cap    Slew   Delay    Time   Description
-----------------------------------------------------------------------------
                          0.00    0.00   clock clk (rise edge)
                          0.00    0.00   clock source latency
                  0.00    0.00    0.00 ^ clk (in)
     2    0.07                           clk (net)
                  0.00    0.00    0.00 ^ clkbuf_0_clk/A (sky130_fd_sc_hd__clkbuf_16)
                  0.14    0.16    0.16 ^ clkbuf_0_clk/X (sky130_fd_sc_hd__clkbuf_16)
     8    0.17                           clknet_0_clk (net)
                  0.14    0.00    0.16 ^ clkbuf_3_2__f_clk/A (sky130_fd_sc_hd__clkbuf_16)
                  0.13    0.19    0.35 ^ clkbuf_3_2__f_clk/X (sky130_fd_sc_hd__clkbuf_16)
    13    0.15                           clknet_3_2__leaf_clk (net)
                  0.13    0.00    0.35 ^ clkbuf_leaf_61_clk/A (sky130_fd_sc_hd__clkbuf_16)
                  0.04    0.11    0.46 ^ clkbuf_leaf_61_clk/X (sky130_fd_sc_hd__clkbuf_16)
     8    0.03                           clknet_leaf_61_clk (net)
                  0.04    0.00    0.46 ^ _29288_/CLK (sky130_fd_sc_hd__dfrtp_1)
                  0.06    0.26    0.72 v _29288_/Q (sky130_fd_sc_hd__dfrtp_1)
     4    0.01                           u_s1.delay_ptr[0] (net)
                  0.06    0.00    0.72 v _14529_/A (sky130_fd_sc_hd__clkbuf_2)
                  0.04    0.10    0.82 v _14529_/X (sky130_fd_sc_hd__clkbuf_2)
     5    0.01                           _01360_ (net)
                  0.04    0.00    0.82 v _14533_/C_N (sky130_fd_sc_hd__nor3b_2)
                  0.06    0.13    0.95 v _14533_/Y (sky130_fd_sc_hd__nor3b_2)
     5    0.02                           _01404_ (net)
                  0.06    0.00    0.95 v _15250_/A2 (sky130_fd_sc_hd__a2111o_1)
                  0.07    0.28    1.23 v _15250_/X (sky130_fd_sc_hd__a2111o_1)
     1    0.01                           _06589_ (net)
                  0.07    0.00    1.23 v _15252_/A3 (sky130_fd_sc_hd__o31ai_4)
                  0.33    0.28    1.51 ^ _15252_/Y (sky130_fd_sc_hd__o31ai_4)
     5    0.04                           _06591_ (net)
                  0.33    0.00    1.52 ^ _15253_/B (sky130_fd_sc_hd__xnor2_2)
                  0.06    0.05    1.56 v _15253_/Y (sky130_fd_sc_hd__xnor2_2)
     2    0.01                           _06592_ (net)
                  0.06    0.00    1.56 v _15263_/A2 (sky130_fd_sc_hd__a31o_1)
                  0.05    0.16    1.72 v _15263_/X (sky130_fd_sc_hd__a31o_1)
     3    0.01                           _06602_ (net)
                  0.05    0.00    1.72 v _15272_/A1 (sky130_fd_sc_hd__a21o_1)
                  0.05    0.13    1.85 v _15272_/X (sky130_fd_sc_hd__a21o_1)
     3    0.01                           _06611_ (net)
                  0.05    0.00    1.85 v _15303_/A1 (sky130_fd_sc_hd__a21oi_2)
                  0.14    0.14    2.00 ^ _15303_/Y (sky130_fd_sc_hd__a21oi_2)
     2    0.01                           _06642_ (net)
                  0.14    0.00    2.00 ^ _15310_/A (sky130_fd_sc_hd__xor2_1)
                  0.06    0.05    2.05 v _15310_/X (sky130_fd_sc_hd__xor2_1)
     1    0.00                           _06649_ (net)
                  0.06    0.00    2.05 v _15311_/A1 (sky130_fd_sc_hd__mux2_4)
                  0.11    0.23    2.28 v _15311_/X (sky130_fd_sc_hd__mux2_4)
     5    0.07                           _06650_ (net)
                  0.11    0.01    2.30 v _15313_/A (sky130_fd_sc_hd__xor2_4)
                  0.13    0.17    2.47 ^ _15313_/X (sky130_fd_sc_hd__xor2_4)
     3    0.02                           _06652_ (net)
                  0.13    0.00    2.47 ^ _23386_/A1 (sky130_fd_sc_hd__o21ai_4)
                  0.06    0.06    2.53 v _23386_/Y (sky130_fd_sc_hd__o21ai_4)
     2    0.02                           _14446_ (net)
                  0.06    0.00    2.53 v _23388_/A2 (sky130_fd_sc_hd__a21o_4)
                  0.04    0.16    2.69 v _23388_/X (sky130_fd_sc_hd__a21o_4)
     3    0.02                           _14448_ (net)
                  0.04    0.00    2.69 v _23454_/A2 (sky130_fd_sc_hd__a21o_4)
                  0.05    0.17    2.86 v _23454_/X (sky130_fd_sc_hd__a21o_4)
     3    0.04                           _00505_ (net)
                  0.05    0.00    2.86 v _23471_/A2 (sky130_fd_sc_hd__a21o_4)
                  0.04    0.16    3.03 v _23471_/X (sky130_fd_sc_hd__a21o_4)
     2    0.02                           _00522_ (net)
                  0.04    0.00    3.03 v _23482_/A2 (sky130_fd_sc_hd__a21o_4)
                  0.05    0.17    3.20 v _23482_/X (sky130_fd_sc_hd__a21o_4)
     3    0.04                           _00533_ (net)
                  0.05    0.00    3.20 v _23487_/A2 (sky130_fd_sc_hd__a21o_4)
                  0.06    0.18    3.37 v _23487_/X (sky130_fd_sc_hd__a21o_4)
     3    0.04                           _00538_ (net)
                  0.06    0.00    3.37 v _23497_/A2 (sky130_fd_sc_hd__a21oi_4)
                  0.20    0.20    3.57 ^ _23497_/Y (sky130_fd_sc_hd__a21oi_4)
     5    0.03                           _00548_ (net)
                  0.20    0.00    3.57 ^ _23621_/A3 (sky130_fd_sc_hd__o31a_1)
                  0.12    0.15    3.72 ^ _23621_/X (sky130_fd_sc_hd__o31a_1)
     5    0.01                           _00672_ (net)
                  0.12    0.00    3.72 ^ rebuffer64/A (sky130_fd_sc_hd__clkbuf_1)
                  0.06    0.08    3.80 ^ rebuffer64/X (sky130_fd_sc_hd__clkbuf_1)
     1    0.01                           net135 (net)
                  0.06    0.00    3.80 ^ _24222_/A2 (sky130_fd_sc_hd__a211o_4)
                  0.04    0.10    3.90 ^ _24222_/X (sky130_fd_sc_hd__a211o_4)
     2    0.01                           _01290_ (net)
                  0.04    0.00    3.90 ^ _24224_/A1 (sky130_fd_sc_hd__a21o_4)
                  0.08    0.11    4.01 ^ _24224_/X (sky130_fd_sc_hd__a21o_4)
     5    0.04                           _01292_ (net)
                  0.08    0.00    4.01 ^ _24340_/A (sky130_fd_sc_hd__buf_6)
                  0.04    0.08    4.09 ^ _24340_/X (sky130_fd_sc_hd__buf_6)
     5    0.02                           _01420_ (net)
                  0.04    0.00    4.09 ^ _24352_/A (sky130_fd_sc_hd__clkbuf_2)
                  0.07    0.10    4.19 ^ _24352_/X (sky130_fd_sc_hd__clkbuf_2)
     5    0.02                           _01433_ (net)
                  0.07    0.00    4.19 ^ _24353_/A (sky130_fd_sc_hd__and2_1)
                  0.05    0.09    4.29 ^ _24353_/X (sky130_fd_sc_hd__and2_1)
     2    0.01                           _01434_ (net)
                  0.05    0.00    4.29 ^ _24777_/A (sky130_fd_sc_hd__clkbuf_2)
                  0.18    0.17    4.46 ^ _24777_/X (sky130_fd_sc_hd__clkbuf_2)
     5    0.04                           _01898_ (net)
                  0.18    0.00    4.46 ^ _26472_/B (sky130_fd_sc_hd__nand2_1)
                  0.10    0.10    4.56 v _26472_/Y (sky130_fd_sc_hd__nand2_1)
     3    0.02                           _03715_ (net)
                  0.10    0.00    4.56 v _26476_/A1 (sky130_fd_sc_hd__a22o_1)
                  0.07    0.17    4.73 v _26476_/X (sky130_fd_sc_hd__a22o_1)
     3    0.02                           _03720_ (net)
                  0.07    0.00    4.73 v _26479_/A1 (sky130_fd_sc_hd__a21o_1)
                  0.04    0.13    4.86 v _26479_/X (sky130_fd_sc_hd__a21o_1)
     2    0.01                           _03723_ (net)
                  0.04    0.00    4.86 v _26481_/B (sky130_fd_sc_hd__and3_1)
                  0.05    0.13    4.99 v _26481_/X (sky130_fd_sc_hd__and3_1)
     3    0.01                           _03725_ (net)
                  0.05    0.00    4.99 v _26483_/B (sky130_fd_sc_hd__or3_4)
                  0.05    0.23    5.22 v _26483_/X (sky130_fd_sc_hd__or3_4)
     3    0.01                           _03727_ (net)
                  0.05    0.00    5.22 v _26488_/A1 (sky130_fd_sc_hd__a21o_1)
                  0.04    0.12    5.34 v _26488_/X (sky130_fd_sc_hd__a21o_1)
     2    0.01                           _03733_ (net)
                  0.04    0.00    5.34 v _26497_/A2 (sky130_fd_sc_hd__a21o_1)
                  0.04    0.13    5.47 v _26497_/X (sky130_fd_sc_hd__a21o_1)
     2    0.01                           _03743_ (net)
                  0.04    0.00    5.47 v _26500_/B (sky130_fd_sc_hd__nand3_1)
                  0.10    0.10    5.57 ^ _26500_/Y (sky130_fd_sc_hd__nand3_1)
     3    0.01                           _03746_ (net)
                  0.10    0.00    5.57 ^ _26502_/C_N (sky130_fd_sc_hd__or4bb_4)
                  0.07    0.35    5.91 v _26502_/X (sky130_fd_sc_hd__or4bb_4)
     3    0.02                           _03748_ (net)
                  0.07    0.00    5.91 v _26504_/B1 (sky130_fd_sc_hd__o211a_4)
                  0.04    0.11    6.03 v _26504_/X (sky130_fd_sc_hd__o211a_4)
     3    0.01                           _03750_ (net)
                  0.04    0.00    6.03 v _26544_/A (sky130_fd_sc_hd__nor3b_2)
                  0.20    0.20    6.23 ^ _26544_/Y (sky130_fd_sc_hd__nor3b_2)
     3    0.01                           _03794_ (net)
                  0.20    0.00    6.23 ^ _26547_/A1 (sky130_fd_sc_hd__o211ai_2)
                  0.06    0.07    6.30 v _26547_/Y (sky130_fd_sc_hd__o211ai_2)
     2    0.01                           _03798_ (net)
                  0.06    0.00    6.30 v _26554_/A2 (sky130_fd_sc_hd__a21o_1)
                  0.05    0.15    6.45 v _26554_/X (sky130_fd_sc_hd__a21o_1)
     2    0.01                           _03805_ (net)
                  0.05    0.00    6.45 v _26556_/A2 (sky130_fd_sc_hd__a211o_1)
                  0.07    0.22    6.68 v _26556_/X (sky130_fd_sc_hd__a211o_1)
     2    0.01                           _03808_ (net)
                  0.07    0.00    6.68 v _26558_/A2 (sky130_fd_sc_hd__a211o_1)
                  0.07    0.23    6.91 v _26558_/X (sky130_fd_sc_hd__a211o_1)
     2    0.01                           _03810_ (net)
                  0.07    0.00    6.91 v _26560_/A2 (sky130_fd_sc_hd__a211oi_4)
                  0.43    0.40    7.31 ^ _26560_/Y (sky130_fd_sc_hd__a211oi_4)
     3    0.05                           _03812_ (net)
                  0.43    0.00    7.31 ^ _27091_/A1 (sky130_fd_sc_hd__o21bai_4)
                  0.08    0.05    7.36 v _27091_/Y (sky130_fd_sc_hd__o21bai_4)
     3    0.01                           _04393_ (net)
                  0.08    0.00    7.36 v _27222_/A2 (sky130_fd_sc_hd__a21oi_4)
                  0.13    0.16    7.52 ^ _27222_/Y (sky130_fd_sc_hd__a21oi_4)
     3    0.02                           _04536_ (net)
                  0.13    0.00    7.52 ^ _27646_/A_N (sky130_fd_sc_hd__and4b_2)
                  0.06    0.18    7.70 v _27646_/X (sky130_fd_sc_hd__and4b_2)
     3    0.02                           _04998_ (net)
                  0.06    0.00    7.70 v _27739_/A3 (sky130_fd_sc_hd__o311ai_4)
                  0.26    0.24    7.93 ^ _27739_/Y (sky130_fd_sc_hd__o311ai_4)
     3    0.02                           _05098_ (net)
                  0.26    0.00    7.93 ^ _27916_/A1 (sky130_fd_sc_hd__o21ai_2)
                  0.10    0.10    8.03 v _27916_/Y (sky130_fd_sc_hd__o21ai_2)
     4    0.02                           _05291_ (net)
                  0.10    0.00    8.03 v _28308_/A1 (sky130_fd_sc_hd__a21o_1)
                  0.06    0.16    8.19 v _28308_/X (sky130_fd_sc_hd__a21o_1)
     3    0.02                           _05717_ (net)
                  0.06    0.00    8.19 v _28315_/A2 (sky130_fd_sc_hd__a21o_1)
                  0.03    0.13    8.33 v _28315_/X (sky130_fd_sc_hd__a21o_1)
     2    0.01                           _05723_ (net)
                  0.03    0.00    8.33 v _28357_/A1 (sky130_fd_sc_hd__a21oi_1)
                  0.08    0.08    8.41 ^ _28357_/Y (sky130_fd_sc_hd__a21oi_1)
     1    0.00                           _05770_ (net)
                  0.08    0.00    8.41 ^ _28358_/B1 (sky130_fd_sc_hd__o21a_1)
                  0.11    0.12    8.53 ^ _28358_/X (sky130_fd_sc_hd__o21a_1)
     1    0.01                           _05771_ (net)
                  0.11    0.00    8.53 ^ _28360_/A3 (sky130_fd_sc_hd__o31ai_4)
                  0.07    0.06    8.58 v _28360_/Y (sky130_fd_sc_hd__o31ai_4)
     1    0.02                           _05773_ (net)
                  0.07    0.00    8.58 v _28361_/A1 (sky130_fd_sc_hd__mux2_4)
                  0.05    0.18    8.76 v _28361_/X (sky130_fd_sc_hd__mux2_4)
     4    0.02                           _05774_ (net)
                  0.05    0.00    8.76 v _28397_/A1 (sky130_fd_sc_hd__mux2_1)
                  0.04    0.15    8.92 v _28397_/X (sky130_fd_sc_hd__mux2_1)
     1    0.00                           _05798_ (net)
                  0.04    0.00    8.92 v _28398_/A (sky130_fd_sc_hd__clkbuf_1)
                  0.02    0.06    8.97 v _28398_/X (sky130_fd_sc_hd__clkbuf_1)
     1    0.00                           _00342_ (net)
                  0.02    0.00    8.97 v _29386_/D (sky130_fd_sc_hd__dfrtp_1)
                                  8.97   data arrival time

                         20.00   20.00   clock clk (rise edge)
                          0.00   20.00   clock source latency
                  0.00    0.00   20.00 ^ clk (in)
     2    0.07                           clk (net)
                  0.00    0.00   20.00 ^ clkbuf_0_clk/A (sky130_fd_sc_hd__clkbuf_16)
                  0.14    0.16   20.16 ^ clkbuf_0_clk/X (sky130_fd_sc_hd__clkbuf_16)
     8    0.17                           clknet_0_clk (net)
                  0.14    0.00   20.16 ^ clkbuf_3_5__f_clk/A (sky130_fd_sc_hd__clkbuf_16)
                  0.12    0.18   20.34 ^ clkbuf_3_5__f_clk/X (sky130_fd_sc_hd__clkbuf_16)
    10    0.14                           clknet_3_5__leaf_clk (net)
                  0.12    0.00   20.34 ^ clkbuf_leaf_25_clk/A (sky130_fd_sc_hd__clkbuf_16)
                  0.03    0.10   20.45 ^ clkbuf_leaf_25_clk/X (sky130_fd_sc_hd__clkbuf_16)
     5    0.02                           clknet_leaf_25_clk (net)
                  0.03    0.00   20.45 ^ _29386_/CLK (sky130_fd_sc_hd__dfrtp_1)
                         -0.10   20.35   clock uncertainty
                          0.00   20.35   clock reconvergence pessimism
                         -0.07   20.28   library setup time
                                 20.28   data required time
-----------------------------------------------------------------------------
                                 20.28   data required time
                                 -8.97   data arrival time
-----------------------------------------------------------------------------
                                 11.30   slack (MET)



======================= Slowest Corner ===================================

Startpoint: _29288_ (rising edge-triggered flip-flop clocked by clk)
Endpoint: _29386_ (rising edge-triggered flip-flop clocked by clk)
Path Group: clk
Path Type: max
Corner: Slowest

Fanout     Cap    Slew   Delay    Time   Description
-----------------------------------------------------------------------------
                          0.00    0.00   clock clk (rise edge)
                          0.00    0.00   clock source latency
                  0.00    0.00    0.00 ^ clk (in)
     2    0.07                           clk (net)
                  0.00    0.00    0.00 ^ clkbuf_0_clk/A (sky130_fd_sc_hd__clkbuf_16)
                  0.27    0.36    0.36 ^ clkbuf_0_clk/X (sky130_fd_sc_hd__clkbuf_16)
     8    0.17                           clknet_0_clk (net)
                  0.27    0.00    0.37 ^ clkbuf_3_2__f_clk/A (sky130_fd_sc_hd__clkbuf_16)
                  0.25    0.46    0.83 ^ clkbuf_3_2__f_clk/X (sky130_fd_sc_hd__clkbuf_16)
    13    0.15                           clknet_3_2__leaf_clk (net)
                  0.25    0.00    0.83 ^ clkbuf_leaf_61_clk/A (sky130_fd_sc_hd__clkbuf_16)
                  0.07    0.31    1.14 ^ clkbuf_leaf_61_clk/X (sky130_fd_sc_hd__clkbuf_16)
     8    0.02                           clknet_leaf_61_clk (net)
                  0.07    0.00    1.14 ^ _29288_/CLK (sky130_fd_sc_hd__dfrtp_1)
                  0.16    0.83    1.97 v _29288_/Q (sky130_fd_sc_hd__dfrtp_1)
     4    0.01                           u_s1.delay_ptr[0] (net)
                  0.16    0.00    1.97 v _14526_/A (sky130_fd_sc_hd__clkbuf_2)
                  0.17    0.33    2.29 v _14526_/X (sky130_fd_sc_hd__clkbuf_2)
     5    0.02                           _01327_ (net)
                  0.17    0.00    2.30 v _14543_/B (sky130_fd_sc_hd__nor3b_2)
                  0.70    0.69    2.98 ^ _14543_/Y (sky130_fd_sc_hd__nor3b_2)
     5    0.02                           _01513_ (net)
                  0.70    0.00    2.98 ^ _14544_/A (sky130_fd_sc_hd__buf_2)
                  0.29    0.60    3.58 ^ _14544_/X (sky130_fd_sc_hd__buf_2)
     5    0.04                           _01524_ (net)
                  0.29    0.00    3.58 ^ _14570_/A2 (sky130_fd_sc_hd__a22oi_2)
                  0.13    0.24    3.82 v _14570_/Y (sky130_fd_sc_hd__a22oi_2)
     1    0.01                           _01808_ (net)
                  0.13    0.00    3.82 v _14577_/A2 (sky130_fd_sc_hd__a31o_4)
                  0.14    0.53    4.35 v _14577_/X (sky130_fd_sc_hd__a31o_4)
     5    0.04                           _01885_ (net)
                  0.14    0.00    4.36 v _14578_/B (sky130_fd_sc_hd__xnor2_2)
                  0.16    0.32    4.67 v _14578_/Y (sky130_fd_sc_hd__xnor2_2)
     4    0.01                           _01896_ (net)
                  0.16    0.00    4.67 v _14581_/A3 (sky130_fd_sc_hd__a31o_1)
                  0.11    0.48    5.15 v _14581_/X (sky130_fd_sc_hd__a31o_1)
     3    0.01                           _01929_ (net)
                  0.11    0.00    5.15 v _14584_/A1 (sky130_fd_sc_hd__a21o_1)
                  0.12    0.36    5.51 v _14584_/X (sky130_fd_sc_hd__a21o_1)
     2    0.01                           _01961_ (net)
                  0.12    0.00    5.51 v _14626_/A1 (sky130_fd_sc_hd__a21o_1)
                  0.13    0.38    5.89 v _14626_/X (sky130_fd_sc_hd__a21o_1)
     4    0.01                           _02420_ (net)
                  0.13    0.00    5.89 v _14727_/A1 (sky130_fd_sc_hd__a221o_2)
                  0.17    0.78    6.67 v _14727_/X (sky130_fd_sc_hd__a221o_2)
     3    0.02                           _03488_ (net)
                  0.17    0.00    6.67 v _14815_/A2 (sky130_fd_sc_hd__a41oi_4)
                  0.27    0.35    7.02 ^ _14815_/Y (sky130_fd_sc_hd__a41oi_4)
     2    0.01                           _04452_ (net)
                  0.27    0.00    7.02 ^ _14828_/A2 (sky130_fd_sc_hd__a21o_1)
                  0.13    0.34    7.36 ^ _14828_/X (sky130_fd_sc_hd__a21o_1)
     3    0.01                           _04594_ (net)
                  0.13    0.00    7.36 ^ rebuffer48/A (sky130_fd_sc_hd__clkbuf_1)
                  0.07    0.17    7.53 ^ rebuffer48/X (sky130_fd_sc_hd__clkbuf_1)
     1    0.00                           net119 (net)
                  0.07    0.00    7.53 ^ rebuffer46/A (sky130_fd_sc_hd__clkbuf_1)
                  0.08    0.15    7.68 ^ rebuffer46/X (sky130_fd_sc_hd__clkbuf_1)
     1    0.00                           net117 (net)
                  0.08    0.00    7.68 ^ _14876_/B1_N (sky130_fd_sc_hd__a21bo_1)
                  0.09    0.39    8.07 v _14876_/X (sky130_fd_sc_hd__a21bo_1)
     2    0.01                           _05116_ (net)
                  0.09    0.00    8.07 v _14878_/A2 (sky130_fd_sc_hd__a21o_1)
                  0.08    0.34    8.42 v _14878_/X (sky130_fd_sc_hd__a21o_1)
     1    0.01                           _05138_ (net)
                  0.08    0.00    8.42 v _14879_/B2 (sky130_fd_sc_hd__o22a_4)
                  0.20    0.50    8.92 v _14879_/X (sky130_fd_sc_hd__o22a_4)
     5    0.05                           _05149_ (net)
                  0.20    0.01    8.93 v _14882_/A (sky130_fd_sc_hd__xnor2_4)
                  0.29    0.39    9.31 ^ _14882_/Y (sky130_fd_sc_hd__xnor2_4)
     4    0.02                           _05182_ (net)
                  0.29    0.00    9.31 ^ rebuffer47/A (sky130_fd_sc_hd__buf_6)
                  0.16    0.34    9.66 ^ rebuffer47/X (sky130_fd_sc_hd__buf_6)
     2    0.05                           net118 (net)
                  0.16    0.00    9.66 ^ _23285_/A (sky130_fd_sc_hd__xor2_4)
                  0.47    0.50   10.17 ^ _23285_/X (sky130_fd_sc_hd__xor2_4)
     4    0.04                           _14345_ (net)
                  0.47    0.00   10.17 ^ _23286_/A (sky130_fd_sc_hd__clkbuf_2)
                  0.29    0.51   10.68 ^ _23286_/X (sky130_fd_sc_hd__clkbuf_2)
     5    0.03                           _14346_ (net)
                  0.29    0.00   10.68 ^ _23400_/B (sky130_fd_sc_hd__nand2_2)
                  0.29    0.34   11.02 v _23400_/Y (sky130_fd_sc_hd__nand2_2)
     4    0.03                           _14460_ (net)
                  0.29    0.00   11.02 v _23401_/A (sky130_fd_sc_hd__nor2_2)
                  0.31    0.40   11.42 ^ _23401_/Y (sky130_fd_sc_hd__nor2_2)
     3    0.02                           _14461_ (net)
                  0.31    0.00   11.42 ^ _23431_/A (sky130_fd_sc_hd__clkbuf_2)
                  0.30    0.46   11.88 ^ _23431_/X (sky130_fd_sc_hd__clkbuf_2)
     5    0.03                           _14491_ (net)
                  0.30    0.00   11.88 ^ _26083_/C1 (sky130_fd_sc_hd__a211oi_2)
                  0.17    0.17   12.04 v _26083_/Y (sky130_fd_sc_hd__a211oi_2)
     3    0.01                           _03288_ (net)
                  0.17    0.00   12.04 v _26092_/B (sky130_fd_sc_hd__or3_1)
                  0.22    0.94   12.98 v _26092_/X (sky130_fd_sc_hd__or3_1)
     3    0.01                           _03298_ (net)
                  0.22    0.00   12.98 v _26099_/A (sky130_fd_sc_hd__and3_1)
                  0.09    0.39   13.37 v _26099_/X (sky130_fd_sc_hd__and3_1)
     2    0.01                           _03306_ (net)
                  0.09    0.00   13.37 v _26108_/A (sky130_fd_sc_hd__or3_1)
                  0.23    0.98   14.35 v _26108_/X (sky130_fd_sc_hd__or3_1)
     3    0.01                           _03316_ (net)
                  0.23    0.00   14.35 v _26177_/A1 (sky130_fd_sc_hd__a21o_1)
                  0.10    0.40   14.75 v _26177_/X (sky130_fd_sc_hd__a21o_1)
     2    0.01                           _03391_ (net)
                  0.10    0.00   14.75 v _26179_/A2 (sky130_fd_sc_hd__a21o_1)
                  0.09    0.37   15.11 v _26179_/X (sky130_fd_sc_hd__a21o_1)
     2    0.01                           _03393_ (net)
                  0.09    0.00   15.11 v _26192_/A2 (sky130_fd_sc_hd__a21o_1)
                  0.08    0.35   15.46 v _26192_/X (sky130_fd_sc_hd__a21o_1)
     2    0.01                           _03407_ (net)
                  0.08    0.00   15.46 v _26194_/B (sky130_fd_sc_hd__and3_1)
                  0.16    0.43   15.89 v _26194_/X (sky130_fd_sc_hd__and3_1)
     3    0.01                           _03409_ (net)
                  0.16    0.00   15.89 v _26631_/B1 (sky130_fd_sc_hd__a211o_1)
                  0.14    0.59   16.49 v _26631_/X (sky130_fd_sc_hd__a211o_1)
     3    0.01                           _03890_ (net)
                  0.14    0.00   16.49 v _26666_/A (sky130_fd_sc_hd__and3_1)
                  0.09    0.35   16.83 v _26666_/X (sky130_fd_sc_hd__and3_1)
     2    0.01                           _03928_ (net)
                  0.09    0.00   16.83 v _26690_/A (sky130_fd_sc_hd__or3b_1)
                  0.18    0.92   17.75 v _26690_/X (sky130_fd_sc_hd__or3b_1)
     3    0.01                           _03954_ (net)
                  0.18    0.00   17.75 v _26744_/A (sky130_fd_sc_hd__and3_1)
                  0.11    0.39   18.14 v _26744_/X (sky130_fd_sc_hd__and3_1)
     2    0.01                           _04013_ (net)
                  0.11    0.00   18.14 v _26747_/A1 (sky130_fd_sc_hd__o211a_1)
                  0.09    0.45   18.58 v _26747_/X (sky130_fd_sc_hd__o211a_1)
     2    0.01                           _04017_ (net)
                  0.09    0.00   18.58 v _26748_/C (sky130_fd_sc_hd__or3_1)
                  0.21    0.82   19.40 v _26748_/X (sky130_fd_sc_hd__or3_1)
     3    0.01                           _04018_ (net)
                  0.21    0.00   19.40 v _26961_/A (sky130_fd_sc_hd__and3_1)
                  0.09    0.38   19.78 v _26961_/X (sky130_fd_sc_hd__and3_1)
     1    0.00                           _04252_ (net)
                  0.09    0.00   19.78 v _26962_/B1 (sky130_fd_sc_hd__a31oi_2)
                  0.27    0.29   20.07 ^ _26962_/Y (sky130_fd_sc_hd__a31oi_2)
     2    0.01                           _04253_ (net)
                  0.27    0.00   20.07 ^ _26964_/A2 (sky130_fd_sc_hd__o211ai_1)
                  0.21    0.28   20.36 v _26964_/Y (sky130_fd_sc_hd__o211ai_1)
     1    0.01                           _04255_ (net)
                  0.21    0.00   20.36 v _26966_/B1 (sky130_fd_sc_hd__a32o_1)
                  0.07    0.42   20.78 v _26966_/X (sky130_fd_sc_hd__a32o_1)
     1    0.00                           _04258_ (net)
                  0.07    0.00   20.78 v _26968_/B1 (sky130_fd_sc_hd__o211ai_1)
                  0.27    0.15   20.93 ^ _26968_/Y (sky130_fd_sc_hd__o211ai_1)
     1    0.00                           _04260_ (net)
                  0.27    0.00   20.93 ^ _26969_/B1_N (sky130_fd_sc_hd__a21boi_4)
                  0.72    0.80   21.73 ^ _26969_/Y (sky130_fd_sc_hd__a21boi_4)
     3    0.06                           _04261_ (net)
                  0.72    0.00   21.74 ^ _27091_/A2 (sky130_fd_sc_hd__o21bai_4)
                  0.18    0.30   22.04 v _27091_/Y (sky130_fd_sc_hd__o21bai_4)
     3    0.01                           _04393_ (net)
                  0.18    0.00   22.04 v _27222_/A2 (sky130_fd_sc_hd__a21oi_4)
                  0.26    0.36   22.40 ^ _27222_/Y (sky130_fd_sc_hd__a21oi_4)
     3    0.02                           _04536_ (net)
                  0.26    0.00   22.40 ^ _27646_/A_N (sky130_fd_sc_hd__and4b_2)
                  0.15    0.63   23.03 v _27646_/X (sky130_fd_sc_hd__and4b_2)
     3    0.02                           _04998_ (net)
                  0.15    0.00   23.03 v _27739_/A3 (sky130_fd_sc_hd__o311ai_4)
                  0.55    0.56   23.59 ^ _27739_/Y (sky130_fd_sc_hd__o311ai_4)
     3    0.02                           _05098_ (net)
                  0.55    0.00   23.59 ^ _27916_/A1 (sky130_fd_sc_hd__o21ai_2)
                  0.24    0.40   23.99 v _27916_/Y (sky130_fd_sc_hd__o21ai_2)
     4    0.02                           _05291_ (net)
                  0.24    0.00   23.99 v _28308_/A1 (sky130_fd_sc_hd__a21o_1)
                  0.17    0.46   24.46 v _28308_/X (sky130_fd_sc_hd__a21o_1)
     3    0.02                           _05717_ (net)
                  0.17    0.00   24.46 v _28315_/A2 (sky130_fd_sc_hd__a21o_1)
                  0.08    0.38   24.84 v _28315_/X (sky130_fd_sc_hd__a21o_1)
     2    0.01                           _05723_ (net)
                  0.08    0.00   24.84 v _28357_/A1 (sky130_fd_sc_hd__a21oi_1)
                  0.18    0.21   25.05 ^ _28357_/Y (sky130_fd_sc_hd__a21oi_1)
     1    0.00                           _05770_ (net)
                  0.18    0.00   25.05 ^ _28358_/B1 (sky130_fd_sc_hd__o21a_1)
                  0.23    0.39   25.43 ^ _28358_/X (sky130_fd_sc_hd__o21a_1)
     1    0.01                           _05771_ (net)
                  0.23    0.00   25.43 ^ _28360_/A3 (sky130_fd_sc_hd__o31ai_4)
                  0.17    0.21   25.64 v _28360_/Y (sky130_fd_sc_hd__o31ai_4)
     1    0.02                           _05773_ (net)
                  0.17    0.00   25.64 v _28361_/A1 (sky130_fd_sc_hd__mux2_4)
                  0.12    0.56   26.21 v _28361_/X (sky130_fd_sc_hd__mux2_4)
     4    0.02                           _05774_ (net)
                  0.12    0.00   26.21 v _28397_/A1 (sky130_fd_sc_hd__mux2_1)
                  0.11    0.67   26.88 v _28397_/X (sky130_fd_sc_hd__mux2_1)
     1    0.00                           _05798_ (net)
                  0.11    0.00   26.88 v _28398_/A (sky130_fd_sc_hd__clkbuf_1)
                  0.05    0.18   27.05 v _28398_/X (sky130_fd_sc_hd__clkbuf_1)
     1    0.00                           _00342_ (net)
                  0.05    0.00   27.05 v _29386_/D (sky130_fd_sc_hd__dfrtp_1)
                                 27.05   data arrival time

                         20.00   20.00   clock clk (rise edge)
                          0.00   20.00   clock source latency
                  0.00    0.00   20.00 ^ clk (in)
     2    0.07                           clk (net)
                  0.00    0.00   20.00 ^ clkbuf_0_clk/A (sky130_fd_sc_hd__clkbuf_16)
                  0.27    0.36   20.36 ^ clkbuf_0_clk/X (sky130_fd_sc_hd__clkbuf_16)
     8    0.17                           clknet_0_clk (net)
                  0.27    0.00   20.37 ^ clkbuf_3_5__f_clk/A (sky130_fd_sc_hd__clkbuf_16)
                  0.23    0.45   20.81 ^ clkbuf_3_5__f_clk/X (sky130_fd_sc_hd__clkbuf_16)
    10    0.14                           clknet_3_5__leaf_clk (net)
                  0.23    0.00   20.81 ^ clkbuf_leaf_25_clk/A (sky130_fd_sc_hd__clkbuf_16)
                  0.06    0.29   21.10 ^ clkbuf_leaf_25_clk/X (sky130_fd_sc_hd__clkbuf_16)
     5    0.01                           clknet_leaf_25_clk (net)
                  0.06    0.00   21.10 ^ _29386_/CLK (sky130_fd_sc_hd__dfrtp_1)
                         -0.10   21.00   clock uncertainty
                          0.00   21.00   clock reconvergence pessimism
                         -0.27   20.73   library setup time
                                 20.73   data required time
-----------------------------------------------------------------------------
                                 20.73   data required time
                                -27.05   data arrival time
-----------------------------------------------------------------------------
                                 -6.32   slack (VIOLATED)



======================= Typical Corner ===================================

Startpoint: _29288_ (rising edge-triggered flip-flop clocked by clk)
Endpoint: _29386_ (rising edge-triggered flip-flop clocked by clk)
Path Group: clk
Path Type: max
Corner: Typical

Fanout     Cap    Slew   Delay    Time   Description
-----------------------------------------------------------------------------
                          0.00    0.00   clock clk (rise edge)
                          0.00    0.00   clock source latency
                  0.00    0.00    0.00 ^ clk (in)
     2    0.07                           clk (net)
                  0.00    0.00    0.00 ^ clkbuf_0_clk/A (sky130_fd_sc_hd__clkbuf_16)
                  0.18    0.22    0.22 ^ clkbuf_0_clk/X (sky130_fd_sc_hd__clkbuf_16)
     8    0.17                           clknet_0_clk (net)
                  0.18    0.00    0.22 ^ clkbuf_3_2__f_clk/A (sky130_fd_sc_hd__clkbuf_16)
                  0.17    0.27    0.49 ^ clkbuf_3_2__f_clk/X (sky130_fd_sc_hd__clkbuf_16)
    13    0.15                           clknet_3_2__leaf_clk (net)
                  0.17    0.00    0.49 ^ clkbuf_leaf_61_clk/A (sky130_fd_sc_hd__clkbuf_16)
                  0.05    0.17    0.66 ^ clkbuf_leaf_61_clk/X (sky130_fd_sc_hd__clkbuf_16)
     8    0.02                           clknet_leaf_61_clk (net)
                  0.05    0.00    0.66 ^ _29288_/CLK (sky130_fd_sc_hd__dfrtp_1)
                  0.08    0.40    1.07 v _29288_/Q (sky130_fd_sc_hd__dfrtp_1)
     4    0.01                           u_s1.delay_ptr[0] (net)
                  0.08    0.00    1.07 v _14529_/A (sky130_fd_sc_hd__clkbuf_2)
                  0.05    0.14    1.21 v _14529_/X (sky130_fd_sc_hd__clkbuf_2)
     5    0.01                           _01360_ (net)
                  0.05    0.00    1.21 v _14533_/C_N (sky130_fd_sc_hd__nor3b_2)
                  0.08    0.20    1.41 v _14533_/Y (sky130_fd_sc_hd__nor3b_2)
     5    0.02                           _01404_ (net)
                  0.08    0.00    1.41 v _15250_/A2 (sky130_fd_sc_hd__a2111o_1)
                  0.09    0.46    1.87 v _15250_/X (sky130_fd_sc_hd__a2111o_1)
     1    0.01                           _06589_ (net)
                  0.09    0.00    1.87 v _15252_/A3 (sky130_fd_sc_hd__o31ai_4)
                  0.44    0.40    2.27 ^ _15252_/Y (sky130_fd_sc_hd__o31ai_4)
     5    0.04                           _06591_ (net)
                  0.44    0.00    2.27 ^ _15253_/B (sky130_fd_sc_hd__xnor2_2)
                  0.09    0.12    2.39 v _15253_/Y (sky130_fd_sc_hd__xnor2_2)
     2    0.01                           _06592_ (net)
                  0.09    0.00    2.39 v _15263_/A2 (sky130_fd_sc_hd__a31o_1)
                  0.06    0.25    2.63 v _15263_/X (sky130_fd_sc_hd__a31o_1)
     3    0.01                           _06602_ (net)
                  0.06    0.00    2.63 v _15272_/A1 (sky130_fd_sc_hd__a21o_1)
                  0.08    0.20    2.84 v _15272_/X (sky130_fd_sc_hd__a21o_1)
     3    0.01                           _06611_ (net)
                  0.08    0.00    2.84 v _15303_/A1 (sky130_fd_sc_hd__a21oi_2)
                  0.19    0.21    3.04 ^ _15303_/Y (sky130_fd_sc_hd__a21oi_2)
     2    0.01                           _06642_ (net)
                  0.19    0.00    3.04 ^ _15310_/A (sky130_fd_sc_hd__xor2_1)
                  0.09    0.10    3.14 v _15310_/X (sky130_fd_sc_hd__xor2_1)
     1    0.00                           _06649_ (net)
                  0.09    0.00    3.14 v _15311_/A1 (sky130_fd_sc_hd__mux2_4)
                  0.13    0.37    3.51 v _15311_/X (sky130_fd_sc_hd__mux2_4)
     5    0.07                           _06650_ (net)
                  0.13    0.01    3.53 v _15313_/A (sky130_fd_sc_hd__xor2_4)
                  0.17    0.24    3.76 ^ _15313_/X (sky130_fd_sc_hd__xor2_4)
     3    0.02                           _06652_ (net)
                  0.17    0.00    3.76 ^ _23386_/A1 (sky130_fd_sc_hd__o21ai_4)
                  0.08    0.11    3.87 v _23386_/Y (sky130_fd_sc_hd__o21ai_4)
     2    0.02                           _14446_ (net)
                  0.08    0.00    3.87 v _23388_/A2 (sky130_fd_sc_hd__a21o_4)
                  0.05    0.25    4.12 v _23388_/X (sky130_fd_sc_hd__a21o_4)
     3    0.02                           _14448_ (net)
                  0.05    0.00    4.12 v _23454_/A2 (sky130_fd_sc_hd__a21o_4)
                  0.07    0.26    4.38 v _23454_/X (sky130_fd_sc_hd__a21o_4)
     3    0.04                           _00505_ (net)
                  0.07    0.00    4.38 v _23471_/A2 (sky130_fd_sc_hd__a21o_4)
                  0.05    0.25    4.63 v _23471_/X (sky130_fd_sc_hd__a21o_4)
     2    0.02                           _00522_ (net)
                  0.05    0.00    4.63 v _23482_/A2 (sky130_fd_sc_hd__a21o_4)
                  0.07    0.26    4.89 v _23482_/X (sky130_fd_sc_hd__a21o_4)
     3    0.04                           _00533_ (net)
                  0.07    0.00    4.89 v _23487_/A2 (sky130_fd_sc_hd__a21o_4)
                  0.08    0.27    5.17 v _23487_/X (sky130_fd_sc_hd__a21o_4)
     3    0.04                           _00538_ (net)
                  0.08    0.00    5.17 v _23497_/A2 (sky130_fd_sc_hd__a21oi_4)
                  0.26    0.28    5.45 ^ _23497_/Y (sky130_fd_sc_hd__a21oi_4)
     5    0.03                           _00548_ (net)
                  0.26    0.00    5.45 ^ _23621_/A3 (sky130_fd_sc_hd__o31a_1)
                  0.16    0.24    5.69 ^ _23621_/X (sky130_fd_sc_hd__o31a_1)
     5    0.01                           _00672_ (net)
                  0.16    0.00    5.69 ^ _23625_/A2 (sky130_fd_sc_hd__a21o_1)
                  0.21    0.26    5.95 ^ _23625_/X (sky130_fd_sc_hd__a21o_1)
     4    0.02                           _00676_ (net)
                  0.21    0.00    5.95 ^ _24103_/A2 (sky130_fd_sc_hd__a21o_1)
                  0.06    0.16    6.11 ^ _24103_/X (sky130_fd_sc_hd__a21o_1)
     2    0.00                           _01159_ (net)
                  0.06    0.00    6.11 ^ _24104_/A (sky130_fd_sc_hd__buf_2)
                  0.20    0.22    6.33 ^ _24104_/X (sky130_fd_sc_hd__buf_2)
     5    0.04                           _01160_ (net)
                  0.20    0.00    6.34 ^ _25624_/A (sky130_fd_sc_hd__nand2_1)
                  0.08    0.10    6.43 v _25624_/Y (sky130_fd_sc_hd__nand2_1)
     2    0.01                           _02821_ (net)
                  0.08    0.00    6.43 v _25625_/A (sky130_fd_sc_hd__clkbuf_2)
                  0.13    0.20    6.64 v _25625_/X (sky130_fd_sc_hd__clkbuf_2)
     5    0.03                           _02822_ (net)
                  0.13    0.00    6.64 v _26475_/D1 (sky130_fd_sc_hd__a2111o_1)
                  0.12    0.39    7.03 v _26475_/X (sky130_fd_sc_hd__a2111o_1)
     2    0.02                           _03718_ (net)
                  0.12    0.00    7.03 v _26476_/B2 (sky130_fd_sc_hd__a22o_1)
                  0.10    0.29    7.32 v _26476_/X (sky130_fd_sc_hd__a22o_1)
     3    0.02                           _03720_ (net)
                  0.10    0.00    7.32 v _26479_/A1 (sky130_fd_sc_hd__a21o_1)
                  0.06    0.21    7.52 v _26479_/X (sky130_fd_sc_hd__a21o_1)
     2    0.01                           _03723_ (net)
                  0.06    0.00    7.52 v _26481_/B (sky130_fd_sc_hd__and3_1)
                  0.06    0.20    7.72 v _26481_/X (sky130_fd_sc_hd__and3_1)
     3    0.01                           _03725_ (net)
                  0.06    0.00    7.72 v _26483_/B (sky130_fd_sc_hd__or3_4)
                  0.07    0.38    8.10 v _26483_/X (sky130_fd_sc_hd__or3_4)
     3    0.01                           _03727_ (net)
                  0.07    0.00    8.10 v _26488_/A1 (sky130_fd_sc_hd__a21o_1)
                  0.06    0.19    8.29 v _26488_/X (sky130_fd_sc_hd__a21o_1)
     2    0.01                           _03733_ (net)
                  0.06    0.00    8.29 v _26497_/A2 (sky130_fd_sc_hd__a21o_1)
                  0.05    0.20    8.49 v _26497_/X (sky130_fd_sc_hd__a21o_1)
     2    0.01                           _03743_ (net)
                  0.05    0.00    8.49 v _26500_/B (sky130_fd_sc_hd__nand3_1)
                  0.13    0.13    8.62 ^ _26500_/Y (sky130_fd_sc_hd__nand3_1)
     3    0.01                           _03746_ (net)
                  0.13    0.00    8.62 ^ _26502_/C_N (sky130_fd_sc_hd__or4bb_4)
                  0.11    0.58    9.21 v _26502_/X (sky130_fd_sc_hd__or4bb_4)
     3    0.02                           _03748_ (net)
                  0.11    0.00    9.21 v _26505_/A1 (sky130_fd_sc_hd__a211oi_4)
                  0.20    0.25    9.45 ^ _26505_/Y (sky130_fd_sc_hd__a211oi_4)
     2    0.01                           _03751_ (net)
                  0.20    0.00    9.45 ^ _26544_/B (sky130_fd_sc_hd__nor3b_2)
                  0.07    0.10    9.55 v _26544_/Y (sky130_fd_sc_hd__nor3b_2)
     3    0.01                           _03794_ (net)
                  0.07    0.00    9.55 v _26546_/B1 (sky130_fd_sc_hd__a211o_1)
                  0.10    0.33    9.88 v _26546_/X (sky130_fd_sc_hd__a211o_1)
     3    0.01                           _03797_ (net)
                  0.10    0.00    9.88 v _26554_/A1 (sky130_fd_sc_hd__a21o_1)
                  0.07    0.21   10.10 v _26554_/X (sky130_fd_sc_hd__a21o_1)
     2    0.01                           _03805_ (net)
                  0.07    0.00   10.10 v _26556_/A2 (sky130_fd_sc_hd__a211o_1)
                  0.09    0.35   10.45 v _26556_/X (sky130_fd_sc_hd__a211o_1)
     2    0.01                           _03808_ (net)
                  0.09    0.00   10.45 v _26558_/A2 (sky130_fd_sc_hd__a211o_1)
                  0.10    0.36   10.81 v _26558_/X (sky130_fd_sc_hd__a211o_1)
     2    0.01                           _03810_ (net)
                  0.10    0.00   10.81 v _26560_/A2 (sky130_fd_sc_hd__a211oi_4)
                  0.59    0.57   11.38 ^ _26560_/Y (sky130_fd_sc_hd__a211oi_4)
     3    0.05                           _03812_ (net)
                  0.59    0.00   11.38 ^ _27091_/A1 (sky130_fd_sc_hd__o21bai_4)
                  0.11    0.15   11.53 v _27091_/Y (sky130_fd_sc_hd__o21bai_4)
     3    0.01                           _04393_ (net)
                  0.11    0.00   11.53 v _27222_/A2 (sky130_fd_sc_hd__a21oi_4)
                  0.17    0.22   11.75 ^ _27222_/Y (sky130_fd_sc_hd__a21oi_4)
     3    0.02                           _04536_ (net)
                  0.17    0.00   11.75 ^ _27646_/A_N (sky130_fd_sc_hd__and4b_2)
                  0.08    0.29   12.04 v _27646_/X (sky130_fd_sc_hd__and4b_2)
     3    0.02                           _04998_ (net)
                  0.08    0.00   12.05 v _27739_/A3 (sky130_fd_sc_hd__o311ai_4)
                  0.35    0.33   12.38 ^ _27739_/Y (sky130_fd_sc_hd__o311ai_4)
     3    0.02                           _05098_ (net)
                  0.35    0.00   12.38 ^ _27916_/A1 (sky130_fd_sc_hd__o21ai_2)
                  0.13    0.18   12.56 v _27916_/Y (sky130_fd_sc_hd__o21ai_2)
     4    0.02                           _05291_ (net)
                  0.13    0.00   12.57 v _28308_/A1 (sky130_fd_sc_hd__a21o_1)
                  0.09    0.24   12.81 v _28308_/X (sky130_fd_sc_hd__a21o_1)
     3    0.02                           _05717_ (net)
                  0.09    0.00   12.81 v _28315_/A2 (sky130_fd_sc_hd__a21o_1)
                  0.04    0.20   13.01 v _28315_/X (sky130_fd_sc_hd__a21o_1)
     2    0.01                           _05723_ (net)
                  0.04    0.00   13.01 v _28357_/A1 (sky130_fd_sc_hd__a21oi_1)
                  0.11    0.12   13.13 ^ _28357_/Y (sky130_fd_sc_hd__a21oi_1)
     1    0.00                           _05770_ (net)
                  0.11    0.00   13.13 ^ _28358_/B1 (sky130_fd_sc_hd__o21a_1)
                  0.14    0.20   13.33 ^ _28358_/X (sky130_fd_sc_hd__o21a_1)
     1    0.01                           _05771_ (net)
                  0.14    0.00   13.33 ^ _28360_/A3 (sky130_fd_sc_hd__o31ai_4)
                  0.09    0.10   13.43 v _28360_/Y (sky130_fd_sc_hd__o31ai_4)
     1    0.02                           _05773_ (net)
                  0.09    0.00   13.43 v _28361_/A1 (sky130_fd_sc_hd__mux2_4)
                  0.07    0.30   13.74 v _28361_/X (sky130_fd_sc_hd__mux2_4)
     4    0.02                           _05774_ (net)
                  0.07    0.00   13.74 v _28397_/A1 (sky130_fd_sc_hd__mux2_1)
                  0.05    0.30   14.03 v _28397_/X (sky130_fd_sc_hd__mux2_1)
     1    0.00                           _05798_ (net)
                  0.05    0.00   14.03 v _28398_/A (sky130_fd_sc_hd__clkbuf_1)
                  0.02    0.09   14.12 v _28398_/X (sky130_fd_sc_hd__clkbuf_1)
     1    0.00                           _00342_ (net)
                  0.02    0.00   14.12 v _29386_/D (sky130_fd_sc_hd__dfrtp_1)
                                 14.12   data arrival time

                         20.00   20.00   clock clk (rise edge)
                          0.00   20.00   clock source latency
                  0.00    0.00   20.00 ^ clk (in)
     2    0.07                           clk (net)
                  0.00    0.00   20.00 ^ clkbuf_0_clk/A (sky130_fd_sc_hd__clkbuf_16)
                  0.18    0.22   20.22 ^ clkbuf_0_clk/X (sky130_fd_sc_hd__clkbuf_16)
     8    0.17                           clknet_0_clk (net)
                  0.18    0.00   20.22 ^ clkbuf_3_5__f_clk/A (sky130_fd_sc_hd__clkbuf_16)
                  0.15    0.26   20.48 ^ clkbuf_3_5__f_clk/X (sky130_fd_sc_hd__clkbuf_16)
    10    0.14                           clknet_3_5__leaf_clk (net)
                  0.15    0.00   20.48 ^ clkbuf_leaf_25_clk/A (sky130_fd_sc_hd__clkbuf_16)
                  0.04    0.16   20.64 ^ clkbuf_leaf_25_clk/X (sky130_fd_sc_hd__clkbuf_16)
     5    0.02                           clknet_leaf_25_clk (net)
                  0.04    0.00   20.64 ^ _29386_/CLK (sky130_fd_sc_hd__dfrtp_1)
                         -0.10   20.54   clock uncertainty
                          0.00   20.54   clock reconvergence pessimism
                         -0.11   20.43   library setup time
                                 20.43   data required time
-----------------------------------------------------------------------------
                                 20.43   data required time
                                -14.12   data arrival time
-----------------------------------------------------------------------------
                                  6.31   slack (MET)




===========================================================================
report_checks --slack_max -0.01
============================================================================
======================= Fastest Corner ===================================

No paths found.

======================= Slowest Corner ===================================

Startpoint: _29288_ (rising edge-triggered flip-flop clocked by clk)
Endpoint: _29386_ (rising edge-triggered flip-flop clocked by clk)
Path Group: clk
Path Type: max
Corner: Slowest

Fanout     Cap    Slew   Delay    Time   Description
-----------------------------------------------------------------------------
                          0.00    0.00   clock clk (rise edge)
                          0.00    0.00   clock source latency
                  0.00    0.00    0.00 ^ clk (in)
     2    0.07                           clk (net)
                  0.00    0.00    0.00 ^ clkbuf_0_clk/A (sky130_fd_sc_hd__clkbuf_16)
                  0.27    0.36    0.36 ^ clkbuf_0_clk/X (sky130_fd_sc_hd__clkbuf_16)
     8    0.17                           clknet_0_clk (net)
                  0.27    0.00    0.37 ^ clkbuf_3_2__f_clk/A (sky130_fd_sc_hd__clkbuf_16)
                  0.25    0.46    0.83 ^ clkbuf_3_2__f_clk/X (sky130_fd_sc_hd__clkbuf_16)
    13    0.15                           clknet_3_2__leaf_clk (net)
                  0.25    0.00    0.83 ^ clkbuf_leaf_61_clk/A (sky130_fd_sc_hd__clkbuf_16)
                  0.07    0.31    1.14 ^ clkbuf_leaf_61_clk/X (sky130_fd_sc_hd__clkbuf_16)
     8    0.02                           clknet_leaf_61_clk (net)
                  0.07    0.00    1.14 ^ _29288_/CLK (sky130_fd_sc_hd__dfrtp_1)
                  0.16    0.83    1.97 v _29288_/Q (sky130_fd_sc_hd__dfrtp_1)
     4    0.01                           u_s1.delay_ptr[0] (net)
                  0.16    0.00    1.97 v _14526_/A (sky130_fd_sc_hd__clkbuf_2)
                  0.17    0.33    2.29 v _14526_/X (sky130_fd_sc_hd__clkbuf_2)
     5    0.02                           _01327_ (net)
                  0.17    0.00    2.30 v _14543_/B (sky130_fd_sc_hd__nor3b_2)
                  0.70    0.69    2.98 ^ _14543_/Y (sky130_fd_sc_hd__nor3b_2)
     5    0.02                           _01513_ (net)
                  0.70    0.00    2.98 ^ _14544_/A (sky130_fd_sc_hd__buf_2)
                  0.29    0.60    3.58 ^ _14544_/X (sky130_fd_sc_hd__buf_2)
     5    0.04                           _01524_ (net)
                  0.29    0.00    3.58 ^ _14570_/A2 (sky130_fd_sc_hd__a22oi_2)
                  0.13    0.24    3.82 v _14570_/Y (sky130_fd_sc_hd__a22oi_2)
     1    0.01                           _01808_ (net)
                  0.13    0.00    3.82 v _14577_/A2 (sky130_fd_sc_hd__a31o_4)
                  0.14    0.53    4.35 v _14577_/X (sky130_fd_sc_hd__a31o_4)
     5    0.04                           _01885_ (net)
                  0.14    0.00    4.36 v _14578_/B (sky130_fd_sc_hd__xnor2_2)
                  0.16    0.32    4.67 v _14578_/Y (sky130_fd_sc_hd__xnor2_2)
     4    0.01                           _01896_ (net)
                  0.16    0.00    4.67 v _14581_/A3 (sky130_fd_sc_hd__a31o_1)
                  0.11    0.48    5.15 v _14581_/X (sky130_fd_sc_hd__a31o_1)
     3    0.01                           _01929_ (net)
                  0.11    0.00    5.15 v _14584_/A1 (sky130_fd_sc_hd__a21o_1)
                  0.12    0.36    5.51 v _14584_/X (sky130_fd_sc_hd__a21o_1)
     2    0.01                           _01961_ (net)
                  0.12    0.00    5.51 v _14626_/A1 (sky130_fd_sc_hd__a21o_1)
                  0.13    0.38    5.89 v _14626_/X (sky130_fd_sc_hd__a21o_1)
     4    0.01                           _02420_ (net)
                  0.13    0.00    5.89 v _14727_/A1 (sky130_fd_sc_hd__a221o_2)
                  0.17    0.78    6.67 v _14727_/X (sky130_fd_sc_hd__a221o_2)
     3    0.02                           _03488_ (net)
                  0.17    0.00    6.67 v _14815_/A2 (sky130_fd_sc_hd__a41oi_4)
                  0.27    0.35    7.02 ^ _14815_/Y (sky130_fd_sc_hd__a41oi_4)
     2    0.01                           _04452_ (net)
                  0.27    0.00    7.02 ^ _14828_/A2 (sky130_fd_sc_hd__a21o_1)
                  0.13    0.34    7.36 ^ _14828_/X (sky130_fd_sc_hd__a21o_1)
     3    0.01                           _04594_ (net)
                  0.13    0.00    7.36 ^ rebuffer48/A (sky130_fd_sc_hd__clkbuf_1)
                  0.07    0.17    7.53 ^ rebuffer48/X (sky130_fd_sc_hd__clkbuf_1)
     1    0.00                           net119 (net)
                  0.07    0.00    7.53 ^ rebuffer46/A (sky130_fd_sc_hd__clkbuf_1)
                  0.08    0.15    7.68 ^ rebuffer46/X (sky130_fd_sc_hd__clkbuf_1)
     1    0.00                           net117 (net)
                  0.08    0.00    7.68 ^ _14876_/B1_N (sky130_fd_sc_hd__a21bo_1)
                  0.09    0.39    8.07 v _14876_/X (sky130_fd_sc_hd__a21bo_1)
     2    0.01                           _05116_ (net)
                  0.09    0.00    8.07 v _14878_/A2 (sky130_fd_sc_hd__a21o_1)
                  0.08    0.34    8.42 v _14878_/X (sky130_fd_sc_hd__a21o_1)
     1    0.01                           _05138_ (net)
                  0.08    0.00    8.42 v _14879_/B2 (sky130_fd_sc_hd__o22a_4)
                  0.20    0.50    8.92 v _14879_/X (sky130_fd_sc_hd__o22a_4)
     5    0.05                           _05149_ (net)
                  0.20    0.01    8.93 v _14882_/A (sky130_fd_sc_hd__xnor2_4)
                  0.29    0.39    9.31 ^ _14882_/Y (sky130_fd_sc_hd__xnor2_4)
     4    0.02                           _05182_ (net)
                  0.29    0.00    9.31 ^ rebuffer47/A (sky130_fd_sc_hd__buf_6)
                  0.16    0.34    9.66 ^ rebuffer47/X (sky130_fd_sc_hd__buf_6)
     2    0.05                           net118 (net)
                  0.16    0.00    9.66 ^ _23285_/A (sky130_fd_sc_hd__xor2_4)
                  0.47    0.50   10.17 ^ _23285_/X (sky130_fd_sc_hd__xor2_4)
     4    0.04                           _14345_ (net)
                  0.47    0.00   10.17 ^ _23286_/A (sky130_fd_sc_hd__clkbuf_2)
                  0.29    0.51   10.68 ^ _23286_/X (sky130_fd_sc_hd__clkbuf_2)
     5    0.03                           _14346_ (net)
                  0.29    0.00   10.68 ^ _23400_/B (sky130_fd_sc_hd__nand2_2)
                  0.29    0.34   11.02 v _23400_/Y (sky130_fd_sc_hd__nand2_2)
     4    0.03                           _14460_ (net)
                  0.29    0.00   11.02 v _23401_/A (sky130_fd_sc_hd__nor2_2)
                  0.31    0.40   11.42 ^ _23401_/Y (sky130_fd_sc_hd__nor2_2)
     3    0.02                           _14461_ (net)
                  0.31    0.00   11.42 ^ _23431_/A (sky130_fd_sc_hd__clkbuf_2)
                  0.30    0.46   11.88 ^ _23431_/X (sky130_fd_sc_hd__clkbuf_2)
     5    0.03                           _14491_ (net)
                  0.30    0.00   11.88 ^ _26083_/C1 (sky130_fd_sc_hd__a211oi_2)
                  0.17    0.17   12.04 v _26083_/Y (sky130_fd_sc_hd__a211oi_2)
     3    0.01                           _03288_ (net)
                  0.17    0.00   12.04 v _26092_/B (sky130_fd_sc_hd__or3_1)
                  0.22    0.94   12.98 v _26092_/X (sky130_fd_sc_hd__or3_1)
     3    0.01                           _03298_ (net)
                  0.22    0.00   12.98 v _26099_/A (sky130_fd_sc_hd__and3_1)
                  0.09    0.39   13.37 v _26099_/X (sky130_fd_sc_hd__and3_1)
     2    0.01                           _03306_ (net)
                  0.09    0.00   13.37 v _26108_/A (sky130_fd_sc_hd__or3_1)
                  0.23    0.98   14.35 v _26108_/X (sky130_fd_sc_hd__or3_1)
     3    0.01                           _03316_ (net)
                  0.23    0.00   14.35 v _26177_/A1 (sky130_fd_sc_hd__a21o_1)
                  0.10    0.40   14.75 v _26177_/X (sky130_fd_sc_hd__a21o_1)
     2    0.01                           _03391_ (net)
                  0.10    0.00   14.75 v _26179_/A2 (sky130_fd_sc_hd__a21o_1)
                  0.09    0.37   15.11 v _26179_/X (sky130_fd_sc_hd__a21o_1)
     2    0.01                           _03393_ (net)
                  0.09    0.00   15.11 v _26192_/A2 (sky130_fd_sc_hd__a21o_1)
                  0.08    0.35   15.46 v _26192_/X (sky130_fd_sc_hd__a21o_1)
     2    0.01                           _03407_ (net)
                  0.08    0.00   15.46 v _26194_/B (sky130_fd_sc_hd__and3_1)
                  0.16    0.43   15.89 v _26194_/X (sky130_fd_sc_hd__and3_1)
     3    0.01                           _03409_ (net)
                  0.16    0.00   15.89 v _26631_/B1 (sky130_fd_sc_hd__a211o_1)
                  0.14    0.59   16.49 v _26631_/X (sky130_fd_sc_hd__a211o_1)
     3    0.01                           _03890_ (net)
                  0.14    0.00   16.49 v _26666_/A (sky130_fd_sc_hd__and3_1)
                  0.09    0.35   16.83 v _26666_/X (sky130_fd_sc_hd__and3_1)
     2    0.01                           _03928_ (net)
                  0.09    0.00   16.83 v _26690_/A (sky130_fd_sc_hd__or3b_1)
                  0.18    0.92   17.75 v _26690_/X (sky130_fd_sc_hd__or3b_1)
     3    0.01                           _03954_ (net)
                  0.18    0.00   17.75 v _26744_/A (sky130_fd_sc_hd__and3_1)
                  0.11    0.39   18.14 v _26744_/X (sky130_fd_sc_hd__and3_1)
     2    0.01                           _04013_ (net)
                  0.11    0.00   18.14 v _26747_/A1 (sky130_fd_sc_hd__o211a_1)
                  0.09    0.45   18.58 v _26747_/X (sky130_fd_sc_hd__o211a_1)
     2    0.01                           _04017_ (net)
                  0.09    0.00   18.58 v _26748_/C (sky130_fd_sc_hd__or3_1)
                  0.21    0.82   19.40 v _26748_/X (sky130_fd_sc_hd__or3_1)
     3    0.01                           _04018_ (net)
                  0.21    0.00   19.40 v _26961_/A (sky130_fd_sc_hd__and3_1)
                  0.09    0.38   19.78 v _26961_/X (sky130_fd_sc_hd__and3_1)
     1    0.00                           _04252_ (net)
                  0.09    0.00   19.78 v _26962_/B1 (sky130_fd_sc_hd__a31oi_2)
                  0.27    0.29   20.07 ^ _26962_/Y (sky130_fd_sc_hd__a31oi_2)
     2    0.01                           _04253_ (net)
                  0.27    0.00   20.07 ^ _26964_/A2 (sky130_fd_sc_hd__o211ai_1)
                  0.21    0.28   20.36 v _26964_/Y (sky130_fd_sc_hd__o211ai_1)
     1    0.01                           _04255_ (net)
                  0.21    0.00   20.36 v _26966_/B1 (sky130_fd_sc_hd__a32o_1)
                  0.07    0.42   20.78 v _26966_/X (sky130_fd_sc_hd__a32o_1)
     1    0.00                           _04258_ (net)
                  0.07    0.00   20.78 v _26968_/B1 (sky130_fd_sc_hd__o211ai_1)
                  0.27    0.15   20.93 ^ _26968_/Y (sky130_fd_sc_hd__o211ai_1)
     1    0.00                           _04260_ (net)
                  0.27    0.00   20.93 ^ _26969_/B1_N (sky130_fd_sc_hd__a21boi_4)
                  0.72    0.80   21.73 ^ _26969_/Y (sky130_fd_sc_hd__a21boi_4)
     3    0.06                           _04261_ (net)
                  0.72    0.00   21.74 ^ _27091_/A2 (sky130_fd_sc_hd__o21bai_4)
                  0.18    0.30   22.04 v _27091_/Y (sky130_fd_sc_hd__o21bai_4)
     3    0.01                           _04393_ (net)
                  0.18    0.00   22.04 v _27222_/A2 (sky130_fd_sc_hd__a21oi_4)
                  0.26    0.36   22.40 ^ _27222_/Y (sky130_fd_sc_hd__a21oi_4)
     3    0.02                           _04536_ (net)
                  0.26    0.00   22.40 ^ _27646_/A_N (sky130_fd_sc_hd__and4b_2)
                  0.15    0.63   23.03 v _27646_/X (sky130_fd_sc_hd__and4b_2)
     3    0.02                           _04998_ (net)
                  0.15    0.00   23.03 v _27739_/A3 (sky130_fd_sc_hd__o311ai_4)
                  0.55    0.56   23.59 ^ _27739_/Y (sky130_fd_sc_hd__o311ai_4)
     3    0.02                           _05098_ (net)
                  0.55    0.00   23.59 ^ _27916_/A1 (sky130_fd_sc_hd__o21ai_2)
                  0.24    0.40   23.99 v _27916_/Y (sky130_fd_sc_hd__o21ai_2)
     4    0.02                           _05291_ (net)
                  0.24    0.00   23.99 v _28308_/A1 (sky130_fd_sc_hd__a21o_1)
                  0.17    0.46   24.46 v _28308_/X (sky130_fd_sc_hd__a21o_1)
     3    0.02                           _05717_ (net)
                  0.17    0.00   24.46 v _28315_/A2 (sky130_fd_sc_hd__a21o_1)
                  0.08    0.38   24.84 v _28315_/X (sky130_fd_sc_hd__a21o_1)
     2    0.01                           _05723_ (net)
                  0.08    0.00   24.84 v _28357_/A1 (sky130_fd_sc_hd__a21oi_1)
                  0.18    0.21   25.05 ^ _28357_/Y (sky130_fd_sc_hd__a21oi_1)
     1    0.00                           _05770_ (net)
                  0.18    0.00   25.05 ^ _28358_/B1 (sky130_fd_sc_hd__o21a_1)
                  0.23    0.39   25.43 ^ _28358_/X (sky130_fd_sc_hd__o21a_1)
     1    0.01                           _05771_ (net)
                  0.23    0.00   25.43 ^ _28360_/A3 (sky130_fd_sc_hd__o31ai_4)
                  0.17    0.21   25.64 v _28360_/Y (sky130_fd_sc_hd__o31ai_4)
     1    0.02                           _05773_ (net)
                  0.17    0.00   25.64 v _28361_/A1 (sky130_fd_sc_hd__mux2_4)
                  0.12    0.56   26.21 v _28361_/X (sky130_fd_sc_hd__mux2_4)
     4    0.02                           _05774_ (net)
                  0.12    0.00   26.21 v _28397_/A1 (sky130_fd_sc_hd__mux2_1)
                  0.11    0.67   26.88 v _28397_/X (sky130_fd_sc_hd__mux2_1)
     1    0.00                           _05798_ (net)
                  0.11    0.00   26.88 v _28398_/A (sky130_fd_sc_hd__clkbuf_1)
                  0.05    0.18   27.05 v _28398_/X (sky130_fd_sc_hd__clkbuf_1)
     1    0.00                           _00342_ (net)
                  0.05    0.00   27.05 v _29386_/D (sky130_fd_sc_hd__dfrtp_1)
                                 27.05   data arrival time

                         20.00   20.00   clock clk (rise edge)
                          0.00   20.00   clock source latency
                  0.00    0.00   20.00 ^ clk (in)
     2    0.07                           clk (net)
                  0.00    0.00   20.00 ^ clkbuf_0_clk/A (sky130_fd_sc_hd__clkbuf_16)
                  0.27    0.36   20.36 ^ clkbuf_0_clk/X (sky130_fd_sc_hd__clkbuf_16)
     8    0.17                           clknet_0_clk (net)
                  0.27    0.00   20.37 ^ clkbuf_3_5__f_clk/A (sky130_fd_sc_hd__clkbuf_16)
                  0.23    0.45   20.81 ^ clkbuf_3_5__f_clk/X (sky130_fd_sc_hd__clkbuf_16)
    10    0.14                           clknet_3_5__leaf_clk (net)
                  0.23    0.00   20.81 ^ clkbuf_leaf_25_clk/A (sky130_fd_sc_hd__clkbuf_16)
                  0.06    0.29   21.10 ^ clkbuf_leaf_25_clk/X (sky130_fd_sc_hd__clkbuf_16)
     5    0.01                           clknet_leaf_25_clk (net)
                  0.06    0.00   21.10 ^ _29386_/CLK (sky130_fd_sc_hd__dfrtp_1)
                         -0.10   21.00   clock uncertainty
                          0.00   21.00   clock reconvergence pessimism
                         -0.27   20.73   library setup time
                                 20.73   data required time
-----------------------------------------------------------------------------
                                 20.73   data required time
                                -27.05   data arrival time
-----------------------------------------------------------------------------
                                 -6.32   slack (VIOLATED)



======================= Typical Corner ===================================

No paths found.


===========================================================================
 report_check_types -max_slew -max_cap -max_fanout -violators
============================================================================
======================= Fastest Corner ===================================


======================= Slowest Corner ===================================

max capacitance

Pin                                    Limit     Cap   Slack
------------------------------------------------------------
_21862_/Y                               0.02    0.02   -0.00 (VIOLATED)


======================= Typical Corner ===================================



===========================================================================
report_parasitic_annotation -report_unannotated
============================================================================
Found 0 unannotated drivers.
Found 0 partially unannotated drivers.

===========================================================================
max slew violation count 0
max fanout violation count 0
max cap violation count 1
============================================================================

===========================================================================
check_setup -verbose -unconstrained_endpoints -multiple_clock -no_clock -no_input_delay -loops -generated_clocks
===========================================================================
Warning: There are 34 input ports missing set_input_delay.
  en
  in_im[0]
  in_im[10]
  in_im[11]
  in_im[12]
  in_im[13]
  in_im[14]
  in_im[15]
  in_im[1]
  in_im[2]
  in_im[3]
  in_im[4]
  in_im[5]
  in_im[6]
  in_im[7]
  in_im[8]
  in_im[9]
  in_re[0]
  in_re[10]
  in_re[11]
  in_re[12]
  in_re[13]
  in_re[14]
  in_re[15]
  in_re[1]
  in_re[2]
  in_re[3]
  in_re[4]
  in_re[5]
  in_re[6]
  in_re[7]
  in_re[8]
  in_re[9]
  rst_n
Warning: There are 32 unconstrained endpoints.
  out_im[0]
  out_im[10]
  out_im[11]
  out_im[12]
  out_im[13]
  out_im[14]
  out_im[15]
  out_im[1]
  out_im[2]
  out_im[3]
  out_im[4]
  out_im[5]
  out_im[6]
  out_im[7]
  out_im[8]
  out_im[9]
  out_re[0]
  out_re[10]
  out_re[11]
  out_re[12]
  out_re[13]
  out_re[14]
  out_re[15]
  out_re[1]
  out_re[2]
  out_re[3]
  out_re[4]
  out_re[5]
  out_re[6]
  out_re[7]
  out_re[8]
  out_re[9]
