
===========================================================================
 report_power
============================================================================
======================= Fastest Corner ===================================

Group                  Internal  Switching    Leakage      Total
                          Power      Power      Power      Power (Watts)
----------------------------------------------------------------
Sequential             1.81e-03   3.56e-04   2.36e-06   2.17e-03   0.7%
Combinational          1.13e-01   1.74e-01   1.54e-07   2.87e-01  99.3%
Macro                  0.00e+00   0.00e+00   0.00e+00   0.00e+00   0.0%
Pad                    0.00e+00   0.00e+00   0.00e+00   0.00e+00   0.0%
----------------------------------------------------------------
Total                  1.15e-01   1.74e-01   2.51e-06   2.89e-01 100.0%
                          39.7%      60.3%       0.0%

======================= Slowest Corner ===================================

Group                  Internal  Switching    Leakage      Total
                          Power      Power      Power      Power (Watts)
----------------------------------------------------------------
Sequential             1.21e-03   2.33e-04   9.40e-06   1.46e-03   0.7%
Combinational          7.91e-02   1.16e-01   6.84e-05   1.95e-01  99.3%
Macro                  0.00e+00   0.00e+00   0.00e+00   0.00e+00   0.0%
Pad                    0.00e+00   0.00e+00   0.00e+00   0.00e+00   0.0%
----------------------------------------------------------------
Total                  8.03e-02   1.16e-01   7.78e-05   1.96e-01 100.0%
                          40.9%      59.1%       0.0%

======================= Typical Corner ===================================

Group                  Internal  Switching    Leakage      Total
                          Power      Power      Power      Power (Watts)
----------------------------------------------------------------
Sequential             1.56e-03   2.98e-04   2.35e-06   1.86e-03   0.7%
Combinational          1.02e-01   1.47e-01   9.62e-08   2.49e-01  99.3%
Macro                  0.00e+00   0.00e+00   0.00e+00   0.00e+00   0.0%
Pad                    0.00e+00   0.00e+00   0.00e+00   0.00e+00   0.0%
----------------------------------------------------------------
Total                  1.03e-01   1.48e-01   2.45e-06   2.51e-01 100.0%
                          41.1%      58.9%       0.0%

