
65. Printing statistics.

=== fft_wrapper ===

   Number of wires:              15010
   Number of wire bits:          15070
   Number of public wires:         504
   Number of public wire bits:     564
   Number of memories:               0
   Number of memory bits:            0
   Number of processes:              0
   Number of cells:              15035
     sky130_fd_sc_hd__a2111o_2       7
     sky130_fd_sc_hd__a2111oi_2      1
     sky130_fd_sc_hd__a211o_2      126
     sky130_fd_sc_hd__a211oi_2      60
     sky130_fd_sc_hd__a21bo_2      160
     sky130_fd_sc_hd__a21boi_2      55
     sky130_fd_sc_hd__a21o_2       660
     sky130_fd_sc_hd__a21oi_2      633
     sky130_fd_sc_hd__a221o_2       50
     sky130_fd_sc_hd__a221oi_2       3
     sky130_fd_sc_hd__a22o_2       162
     sky130_fd_sc_hd__a22oi_2       15
     sky130_fd_sc_hd__a2bb2o_2      60
     sky130_fd_sc_hd__a311o_2       10
     sky130_fd_sc_hd__a311oi_2       4
     sky130_fd_sc_hd__a31o_2       144
     sky130_fd_sc_hd__a31oi_2       24
     sky130_fd_sc_hd__a32o_2        29
     sky130_fd_sc_hd__a32oi_2        3
     sky130_fd_sc_hd__a41o_2         4
     sky130_fd_sc_hd__a41oi_2        3
     sky130_fd_sc_hd__and2_2       566
     sky130_fd_sc_hd__and2b_2      417
     sky130_fd_sc_hd__and3_2       362
     sky130_fd_sc_hd__and3b_2       16
     sky130_fd_sc_hd__and4_2        34
     sky130_fd_sc_hd__and4b_2       11
     sky130_fd_sc_hd__and4bb_2       2
     sky130_fd_sc_hd__buf_1       1868
     sky130_fd_sc_hd__dfrtp_2      497
     sky130_fd_sc_hd__inv_2        285
     sky130_fd_sc_hd__mux2_2       716
     sky130_fd_sc_hd__mux4_2        18
     sky130_fd_sc_hd__nand2_2     1128
     sky130_fd_sc_hd__nand2b_2       2
     sky130_fd_sc_hd__nand3_2      211
     sky130_fd_sc_hd__nand3b_2       8
     sky130_fd_sc_hd__nand4_2        8
     sky130_fd_sc_hd__nor2_2      1421
     sky130_fd_sc_hd__nor2b_2        5
     sky130_fd_sc_hd__nor3_2       127
     sky130_fd_sc_hd__nor3b_2       11
     sky130_fd_sc_hd__nor4_2         9
     sky130_fd_sc_hd__o2111a_2       4
     sky130_fd_sc_hd__o211a_2       99
     sky130_fd_sc_hd__o211ai_2      72
     sky130_fd_sc_hd__o21a_2       390
     sky130_fd_sc_hd__o21ai_2      421
     sky130_fd_sc_hd__o21ba_2      107
     sky130_fd_sc_hd__o21bai_2      43
     sky130_fd_sc_hd__o221a_2        8
     sky130_fd_sc_hd__o221ai_2       1
     sky130_fd_sc_hd__o22a_2        96
     sky130_fd_sc_hd__o22ai_2        7
     sky130_fd_sc_hd__o2bb2a_2      35
     sky130_fd_sc_hd__o311a_2        3
     sky130_fd_sc_hd__o311ai_2       2
     sky130_fd_sc_hd__o31a_2        49
     sky130_fd_sc_hd__o31ai_2       21
     sky130_fd_sc_hd__o32a_2        21
     sky130_fd_sc_hd__o32ai_2        4
     sky130_fd_sc_hd__o41a_2         8
     sky130_fd_sc_hd__or2_2        775
     sky130_fd_sc_hd__or2b_2       284
     sky130_fd_sc_hd__or3_2        280
     sky130_fd_sc_hd__or3b_2        50
     sky130_fd_sc_hd__or4_2         32
     sky130_fd_sc_hd__or4b_2         8
     sky130_fd_sc_hd__or4bb_2        2
     sky130_fd_sc_hd__xnor2_2     1630
     sky130_fd_sc_hd__xor2_2       648

   Chip area for module '\fft_wrapper': 142347.772800

