Partial/Required:  6.21, Required:    400.0, Partial:  2484.95, Net: net52, Pin: output52/A, Layer: met1
Partial/Required:  4.75, Required:    400.0, Partial:  1898.51, Net: net49, Pin: output49/A, Layer: met1
Partial/Required:  2.99, Required:    400.0, Partial:  1195.17, Net: _09028_, Pin: _21721_/D, Layer: met3
Partial/Required:  2.56, Required:    400.0, Partial:  1022.82, Net: net64, Pin: output64/A, Layer: met1
Partial/Required:  2.32, Required:    400.0, Partial:   928.67, Net: net26, Pin: _21204_/B1, Layer: met1
Partial/Required:  2.16, Required:    400.0, Partial:   864.97, Net: net58, Pin: output58/A, Layer: met2
Partial/Required:  2.12, Required:    400.0, Partial:   846.48, Net: net51, Pin: output51/A, Layer: met1
Partial/Required:  1.91, Required:    400.0, Partial:   763.22, Net: _13144_, Pin: _22860_/A1, Layer: met1
Partial/Required:  1.82, Required:    400.0, Partial:   729.71, Net: net50, Pin: output50/A, Layer: met1
Partial/Required:  1.66, Required:    400.0, Partial:   663.87, Net: _08020_, Pin: _21629_/B, Layer: met3
Partial/Required:  1.39, Required:    400.0, Partial:   556.67, Net: _06755_, Pin: _15421_/B, Layer: met1
Partial/Required:  1.38, Required:    400.0, Partial:   552.56, Net: _06707_, Pin: _28563_/A0, Layer: met1
Partial/Required:  1.34, Required:    400.0, Partial:   535.11, Net: _06792_, Pin: _15458_/B, Layer: met1
Partial/Required:  1.30, Required:    400.0, Partial:   521.56, Net: _07669_, Pin: _19863_/C, Layer: met1
Partial/Required:  1.23, Required:    400.0, Partial:    491.0, Net: _10076_, Pin: _18890_/A, Layer: met1
Partial/Required:  1.13, Required:    400.0, Partial:   452.66, Net: _08025_, Pin: _18724_/B2, Layer: met3
Partial/Required:  1.13, Required:    400.0, Partial:   452.66, Net: _08025_, Pin: _18963_/A, Layer: met3
Partial/Required:  1.13, Required:    400.0, Partial:   452.66, Net: _08025_, Pin: _16703_/A, Layer: met3
Partial/Required:  1.12, Required:    400.0, Partial:   449.53, Net: net48, Pin: output48/A, Layer: met2
Partial/Required:  1.12, Required:    400.0, Partial:   448.63, Net: _07706_, Pin: _20990_/B, Layer: met3
Partial/Required:  1.11, Required:    400.0, Partial:   445.78, Net: _06804_, Pin: _28604_/A0, Layer: met1
Partial/Required:  1.11, Required:    400.0, Partial:   445.53, Net: _00708_, Pin: _23658_/A, Layer: met1
Partial/Required:  1.08, Required:    400.0, Partial:   431.67, Net: _13270_, Pin: _22863_/A1, Layer: met1
Partial/Required:  1.06, Required:    400.0, Partial:    423.0, Net: _09553_, Pin: _21710_/B, Layer: met1
Partial/Required:  1.05, Required:    400.0, Partial:   421.36, Net: _14074_, Pin: _22996_/A, Layer: met1
Partial/Required:  1.00, Required:    400.0, Partial:   400.75, Net: _00881_, Pin: _27308_/B, Layer: met3
Partial/Required:  1.00, Required:    400.0, Partial:   400.75, Net: _00881_, Pin: _27309_/B, Layer: met3
