Copyright 1986-2018 Xilinx, Inc. All Rights Reserved.
-----------------------------------------------------------------------------------------------------------------------------------------------------------------------
| Tool Version : Vivado v.2018.2 (win64) Build 2258646 Thu Jun 14 20:03:12 MDT 2018
| Date         : Sat Aug 15 09:24:39 2026
| Host         : Martin running 64-bit major release  (build 9200)
| Command      : report_methodology -file fft_wrapper_methodology_drc_routed.rpt -pb fft_wrapper_methodology_drc_routed.pb -rpx fft_wrapper_methodology_drc_routed.rpx
| Design       : fft_wrapper
| Device       : xc7z020clg484-2
| Speed File   : -2
| Design State : Routed
-----------------------------------------------------------------------------------------------------------------------------------------------------------------------

Report Methodology

Table of Contents
-----------------
1. REPORT SUMMARY
2. REPORT DETAILS

1. REPORT SUMMARY
-----------------
            Netlist: netlist
          Floorplan: design_1
      Design limits: <entire design considered>
             Max violations: <unlimited>
             Violations found: 94
+-----------+----------+-------------------------------------------------+------------+
| Rule      | Severity | Description                                     | Violations |
+-----------+----------+-------------------------------------------------+------------+
| DPIR-1    | Warning  | Asynchronous driver check                       | 20         |
| TIMING-18 | Warning  | Missing input or output delay                   | 50         |
| XDCC-5    | Warning  | User Non-Timing constraint/property overwritten | 24         |
+-----------+----------+-------------------------------------------------+------------+

2. REPORT DETAILS
-----------------
DPIR-1#1 Warning
Asynchronous driver check  
DSP u_s1/g_mult.u_mul/full_precision_real input pin u_s1/g_mult.u_mul/full_precision_real/B[10] is connected to registers with an asynchronous reset. This is preventing the possibility of merging these registers in to the DSP Block since the DSP block registers only possess synchronous reset capability.  It is suggested to recode or change these registers to remove the reset or use a synchronous reset to get the best optimization for performance, power and area.
Related violations: <none>

DPIR-1#2 Warning
Asynchronous driver check  
DSP u_s1/g_mult.u_mul/real_imag_product input pin u_s1/g_mult.u_mul/real_imag_product/B[10] is connected to registers with an asynchronous reset. This is preventing the possibility of merging these registers in to the DSP Block since the DSP block registers only possess synchronous reset capability.  It is suggested to recode or change these registers to remove the reset or use a synchronous reset to get the best optimization for performance, power and area.
Related violations: <none>

DPIR-1#3 Warning
Asynchronous driver check  
DSP u_s2/g_mult.u_mul/full_precision_imag input pin u_s2/g_mult.u_mul/full_precision_imag/B[0] is connected to registers with an asynchronous reset. This is preventing the possibility of merging these registers in to the DSP Block since the DSP block registers only possess synchronous reset capability.  It is suggested to recode or change these registers to remove the reset or use a synchronous reset to get the best optimization for performance, power and area.
Related violations: <none>

DPIR-1#4 Warning
Asynchronous driver check  
DSP u_s2/g_mult.u_mul/full_precision_real input pin u_s2/g_mult.u_mul/full_precision_real/B[0] is connected to registers with an asynchronous reset. This is preventing the possibility of merging these registers in to the DSP Block since the DSP block registers only possess synchronous reset capability.  It is suggested to recode or change these registers to remove the reset or use a synchronous reset to get the best optimization for performance, power and area.
Related violations: <none>

DPIR-1#5 Warning
Asynchronous driver check  
DSP u_s2/g_mult.u_mul/full_precision_real input pin u_s2/g_mult.u_mul/full_precision_real/B[1] is connected to registers with an asynchronous reset. This is preventing the possibility of merging these registers in to the DSP Block since the DSP block registers only possess synchronous reset capability.  It is suggested to recode or change these registers to remove the reset or use a synchronous reset to get the best optimization for performance, power and area.
Related violations: <none>

DPIR-1#6 Warning
Asynchronous driver check  
DSP u_s2/g_mult.u_mul/full_precision_real input pin u_s2/g_mult.u_mul/full_precision_real/B[2] is connected to registers with an asynchronous reset. This is preventing the possibility of merging these registers in to the DSP Block since the DSP block registers only possess synchronous reset capability.  It is suggested to recode or change these registers to remove the reset or use a synchronous reset to get the best optimization for performance, power and area.
Related violations: <none>

DPIR-1#7 Warning
Asynchronous driver check  
DSP u_s2/g_mult.u_mul/full_precision_real input pin u_s2/g_mult.u_mul/full_precision_real/B[3] is connected to registers with an asynchronous reset. This is preventing the possibility of merging these registers in to the DSP Block since the DSP block registers only possess synchronous reset capability.  It is suggested to recode or change these registers to remove the reset or use a synchronous reset to get the best optimization for performance, power and area.
Related violations: <none>

DPIR-1#8 Warning
Asynchronous driver check  
DSP u_s2/g_mult.u_mul/full_precision_real input pin u_s2/g_mult.u_mul/full_precision_real/B[4] is connected to registers with an asynchronous reset. This is preventing the possibility of merging these registers in to the DSP Block since the DSP block registers only possess synchronous reset capability.  It is suggested to recode or change these registers to remove the reset or use a synchronous reset to get the best optimization for performance, power and area.
Related violations: <none>

DPIR-1#9 Warning
Asynchronous driver check  
DSP u_s2/g_mult.u_mul/full_precision_real input pin u_s2/g_mult.u_mul/full_precision_real/B[5] is connected to registers with an asynchronous reset. This is preventing the possibility of merging these registers in to the DSP Block since the DSP block registers only possess synchronous reset capability.  It is suggested to recode or change these registers to remove the reset or use a synchronous reset to get the best optimization for performance, power and area.
Related violations: <none>

DPIR-1#10 Warning
Asynchronous driver check  
DSP u_s2/g_mult.u_mul/full_precision_real input pin u_s2/g_mult.u_mul/full_precision_real/B[7] is connected to registers with an asynchronous reset. This is preventing the possibility of merging these registers in to the DSP Block since the DSP block registers only possess synchronous reset capability.  It is suggested to recode or change these registers to remove the reset or use a synchronous reset to get the best optimization for performance, power and area.
Related violations: <none>

DPIR-1#11 Warning
Asynchronous driver check  
DSP u_s2/g_mult.u_mul/full_precision_real input pin u_s2/g_mult.u_mul/full_precision_real/B[9] is connected to registers with an asynchronous reset. This is preventing the possibility of merging these registers in to the DSP Block since the DSP block registers only possess synchronous reset capability.  It is suggested to recode or change these registers to remove the reset or use a synchronous reset to get the best optimization for performance, power and area.
Related violations: <none>

DPIR-1#12 Warning
Asynchronous driver check  
DSP u_s2/g_mult.u_mul/real_imag_product input pin u_s2/g_mult.u_mul/real_imag_product/B[0] is connected to registers with an asynchronous reset. This is preventing the possibility of merging these registers in to the DSP Block since the DSP block registers only possess synchronous reset capability.  It is suggested to recode or change these registers to remove the reset or use a synchronous reset to get the best optimization for performance, power and area.
Related violations: <none>

DPIR-1#13 Warning
Asynchronous driver check  
DSP u_s2/g_mult.u_mul/real_imag_product input pin u_s2/g_mult.u_mul/real_imag_product/B[1] is connected to registers with an asynchronous reset. This is preventing the possibility of merging these registers in to the DSP Block since the DSP block registers only possess synchronous reset capability.  It is suggested to recode or change these registers to remove the reset or use a synchronous reset to get the best optimization for performance, power and area.
Related violations: <none>

DPIR-1#14 Warning
Asynchronous driver check  
DSP u_s2/g_mult.u_mul/real_imag_product input pin u_s2/g_mult.u_mul/real_imag_product/B[2] is connected to registers with an asynchronous reset. This is preventing the possibility of merging these registers in to the DSP Block since the DSP block registers only possess synchronous reset capability.  It is suggested to recode or change these registers to remove the reset or use a synchronous reset to get the best optimization for performance, power and area.
Related violations: <none>

DPIR-1#15 Warning
Asynchronous driver check  
DSP u_s2/g_mult.u_mul/real_imag_product input pin u_s2/g_mult.u_mul/real_imag_product/B[3] is connected to registers with an asynchronous reset. This is preventing the possibility of merging these registers in to the DSP Block since the DSP block registers only possess synchronous reset capability.  It is suggested to recode or change these registers to remove the reset or use a synchronous reset to get the best optimization for performance, power and area.
Related violations: <none>

DPIR-1#16 Warning
Asynchronous driver check  
DSP u_s2/g_mult.u_mul/real_imag_product input pin u_s2/g_mult.u_mul/real_imag_product/B[4] is connected to registers with an asynchronous reset. This is preventing the possibility of merging these registers in to the DSP Block since the DSP block registers only possess synchronous reset capability.  It is suggested to recode or change these registers to remove the reset or use a synchronous reset to get the best optimization for performance, power and area.
Related violations: <none>

DPIR-1#17 Warning
Asynchronous driver check  
DSP u_s2/g_mult.u_mul/real_imag_product input pin u_s2/g_mult.u_mul/real_imag_product/B[5] is connected to registers with an asynchronous reset. This is preventing the possibility of merging these registers in to the DSP Block since the DSP block registers only possess synchronous reset capability.  It is suggested to recode or change these registers to remove the reset or use a synchronous reset to get the best optimization for performance, power and area.
Related violations: <none>

DPIR-1#18 Warning
Asynchronous driver check  
DSP u_s2/g_mult.u_mul/real_imag_product input pin u_s2/g_mult.u_mul/real_imag_product/B[7] is connected to registers with an asynchronous reset. This is preventing the possibility of merging these registers in to the DSP Block since the DSP block registers only possess synchronous reset capability.  It is suggested to recode or change these registers to remove the reset or use a synchronous reset to get the best optimization for performance, power and area.
Related violations: <none>

DPIR-1#19 Warning
Asynchronous driver check  
DSP u_s2/g_mult.u_mul/real_imag_product input pin u_s2/g_mult.u_mul/real_imag_product/B[9] is connected to registers with an asynchronous reset. This is preventing the possibility of merging these registers in to the DSP Block since the DSP block registers only possess synchronous reset capability.  It is suggested to recode or change these registers to remove the reset or use a synchronous reset to get the best optimization for performance, power and area.
Related violations: <none>

DPIR-1#20 Warning
Asynchronous driver check  
DSP u_s2/g_mult.u_mul/real_real_product input pin u_s2/g_mult.u_mul/real_real_product/B[0] is connected to registers with an asynchronous reset. This is preventing the possibility of merging these registers in to the DSP Block since the DSP block registers only possess synchronous reset capability.  It is suggested to recode or change these registers to remove the reset or use a synchronous reset to get the best optimization for performance, power and area.
Related violations: <none>

TIMING-18#1 Warning
Missing input or output delay  
An input delay is missing on en relative to clock(s) clk
Related violations: <none>

TIMING-18#2 Warning
Missing input or output delay  
An input delay is missing on in_im[0] relative to clock(s) clk
Related violations: <none>

TIMING-18#3 Warning
Missing input or output delay  
An input delay is missing on in_im[10] relative to clock(s) clk
Related violations: <none>

TIMING-18#4 Warning
Missing input or output delay  
An input delay is missing on in_im[11] relative to clock(s) clk
Related violations: <none>

TIMING-18#5 Warning
Missing input or output delay  
An input delay is missing on in_im[1] relative to clock(s) clk
Related violations: <none>

TIMING-18#6 Warning
Missing input or output delay  
An input delay is missing on in_im[2] relative to clock(s) clk
Related violations: <none>

TIMING-18#7 Warning
Missing input or output delay  
An input delay is missing on in_im[3] relative to clock(s) clk
Related violations: <none>

TIMING-18#8 Warning
Missing input or output delay  
An input delay is missing on in_im[4] relative to clock(s) clk
Related violations: <none>

TIMING-18#9 Warning
Missing input or output delay  
An input delay is missing on in_im[5] relative to clock(s) clk
Related violations: <none>

TIMING-18#10 Warning
Missing input or output delay  
An input delay is missing on in_im[6] relative to clock(s) clk
Related violations: <none>

TIMING-18#11 Warning
Missing input or output delay  
An input delay is missing on in_im[7] relative to clock(s) clk
Related violations: <none>

TIMING-18#12 Warning
Missing input or output delay  
An input delay is missing on in_im[8] relative to clock(s) clk
Related violations: <none>

TIMING-18#13 Warning
Missing input or output delay  
An input delay is missing on in_im[9] relative to clock(s) clk
Related violations: <none>

TIMING-18#14 Warning
Missing input or output delay  
An input delay is missing on in_re[0] relative to clock(s) clk
Related violations: <none>

TIMING-18#15 Warning
Missing input or output delay  
An input delay is missing on in_re[10] relative to clock(s) clk
Related violations: <none>

TIMING-18#16 Warning
Missing input or output delay  
An input delay is missing on in_re[11] relative to clock(s) clk
Related violations: <none>

TIMING-18#17 Warning
Missing input or output delay  
An input delay is missing on in_re[1] relative to clock(s) clk
Related violations: <none>

TIMING-18#18 Warning
Missing input or output delay  
An input delay is missing on in_re[2] relative to clock(s) clk
Related violations: <none>

TIMING-18#19 Warning
Missing input or output delay  
An input delay is missing on in_re[3] relative to clock(s) clk
Related violations: <none>

TIMING-18#20 Warning
Missing input or output delay  
An input delay is missing on in_re[4] relative to clock(s) clk
Related violations: <none>

TIMING-18#21 Warning
Missing input or output delay  
An input delay is missing on in_re[5] relative to clock(s) clk
Related violations: <none>

TIMING-18#22 Warning
Missing input or output delay  
An input delay is missing on in_re[6] relative to clock(s) clk
Related violations: <none>

TIMING-18#23 Warning
Missing input or output delay  
An input delay is missing on in_re[7] relative to clock(s) clk
Related violations: <none>

TIMING-18#24 Warning
Missing input or output delay  
An input delay is missing on in_re[8] relative to clock(s) clk
Related violations: <none>

TIMING-18#25 Warning
Missing input or output delay  
An input delay is missing on in_re[9] relative to clock(s) clk
Related violations: <none>

TIMING-18#26 Warning
Missing input or output delay  
An input delay is missing on rst_n relative to clock(s) clk
Related violations: <none>

TIMING-18#27 Warning
Missing input or output delay  
An output delay is missing on out_im[0] relative to clock(s) clk
Related violations: <none>

TIMING-18#28 Warning
Missing input or output delay  
An output delay is missing on out_im[10] relative to clock(s) clk
Related violations: <none>

TIMING-18#29 Warning
Missing input or output delay  
An output delay is missing on out_im[11] relative to clock(s) clk
Related violations: <none>

TIMING-18#30 Warning
Missing input or output delay  
An output delay is missing on out_im[1] relative to clock(s) clk
Related violations: <none>

TIMING-18#31 Warning
Missing input or output delay  
An output delay is missing on out_im[2] relative to clock(s) clk
Related violations: <none>

TIMING-18#32 Warning
Missing input or output delay  
An output delay is missing on out_im[3] relative to clock(s) clk
Related violations: <none>

TIMING-18#33 Warning
Missing input or output delay  
An output delay is missing on out_im[4] relative to clock(s) clk
Related violations: <none>

TIMING-18#34 Warning
Missing input or output delay  
An output delay is missing on out_im[5] relative to clock(s) clk
Related violations: <none>

TIMING-18#35 Warning
Missing input or output delay  
An output delay is missing on out_im[6] relative to clock(s) clk
Related violations: <none>

TIMING-18#36 Warning
Missing input or output delay  
An output delay is missing on out_im[7] relative to clock(s) clk
Related violations: <none>

TIMING-18#37 Warning
Missing input or output delay  
An output delay is missing on out_im[8] relative to clock(s) clk
Related violations: <none>

TIMING-18#38 Warning
Missing input or output delay  
An output delay is missing on out_im[9] relative to clock(s) clk
Related violations: <none>

TIMING-18#39 Warning
Missing input or output delay  
An output delay is missing on out_re[0] relative to clock(s) clk
Related violations: <none>

TIMING-18#40 Warning
Missing input or output delay  
An output delay is missing on out_re[10] relative to clock(s) clk
Related violations: <none>

TIMING-18#41 Warning
Missing input or output delay  
An output delay is missing on out_re[11] relative to clock(s) clk
Related violations: <none>

TIMING-18#42 Warning
Missing input or output delay  
An output delay is missing on out_re[1] relative to clock(s) clk
Related violations: <none>

TIMING-18#43 Warning
Missing input or output delay  
An output delay is missing on out_re[2] relative to clock(s) clk
Related violations: <none>

TIMING-18#44 Warning
Missing input or output delay  
An output delay is missing on out_re[3] relative to clock(s) clk
Related violations: <none>

TIMING-18#45 Warning
Missing input or output delay  
An output delay is missing on out_re[4] relative to clock(s) clk
Related violations: <none>

TIMING-18#46 Warning
Missing input or output delay  
An output delay is missing on out_re[5] relative to clock(s) clk
Related violations: <none>

TIMING-18#47 Warning
Missing input or output delay  
An output delay is missing on out_re[6] relative to clock(s) clk
Related violations: <none>

TIMING-18#48 Warning
Missing input or output delay  
An output delay is missing on out_re[7] relative to clock(s) clk
Related violations: <none>

TIMING-18#49 Warning
Missing input or output delay  
An output delay is missing on out_re[8] relative to clock(s) clk
Related violations: <none>

TIMING-18#50 Warning
Missing input or output delay  
An output delay is missing on out_re[9] relative to clock(s) clk
Related violations: <none>

XDCC-5#1 Warning
User Non-Timing constraint/property overwritten  
A new XDC property IOSTANDARD on in_im[0] overrides a previous user property.
New Source: C:/Users/johns/Desktop/DD_and_DV/Internships/ADI/FFT/FPGA/R2SDF_DIF/R2SDF_DIF.srcs/constrs_1/new/cons.sdc (Line: 425)
Previous Source: C:/Users/johns/Desktop/DD_and_DV/Internships/ADI/FFT/FPGA/R2SDF_DIF/R2SDF_DIF.srcs/constrs_1/new/cons.sdc (Line: 418)
Related violations: <none>

XDCC-5#2 Warning
User Non-Timing constraint/property overwritten  
A new XDC property IOSTANDARD on in_im[10] overrides a previous user property.
New Source: C:/Users/johns/Desktop/DD_and_DV/Internships/ADI/FFT/FPGA/R2SDF_DIF/R2SDF_DIF.srcs/constrs_1/new/cons.sdc (Line: 430)
Previous Source: C:/Users/johns/Desktop/DD_and_DV/Internships/ADI/FFT/FPGA/R2SDF_DIF/R2SDF_DIF.srcs/constrs_1/new/cons.sdc (Line: 418)
Related violations: <none>

XDCC-5#3 Warning
User Non-Timing constraint/property overwritten  
A new XDC property IOSTANDARD on in_im[11] overrides a previous user property.
New Source: C:/Users/johns/Desktop/DD_and_DV/Internships/ADI/FFT/FPGA/R2SDF_DIF/R2SDF_DIF.srcs/constrs_1/new/cons.sdc (Line: 430)
Previous Source: C:/Users/johns/Desktop/DD_and_DV/Internships/ADI/FFT/FPGA/R2SDF_DIF/R2SDF_DIF.srcs/constrs_1/new/cons.sdc (Line: 418)
Related violations: <none>

XDCC-5#4 Warning
User Non-Timing constraint/property overwritten  
A new XDC property IOSTANDARD on in_im[1] overrides a previous user property.
New Source: C:/Users/johns/Desktop/DD_and_DV/Internships/ADI/FFT/FPGA/R2SDF_DIF/R2SDF_DIF.srcs/constrs_1/new/cons.sdc (Line: 425)
Previous Source: C:/Users/johns/Desktop/DD_and_DV/Internships/ADI/FFT/FPGA/R2SDF_DIF/R2SDF_DIF.srcs/constrs_1/new/cons.sdc (Line: 418)
Related violations: <none>

XDCC-5#5 Warning
User Non-Timing constraint/property overwritten  
A new XDC property IOSTANDARD on in_im[2] overrides a previous user property.
New Source: C:/Users/johns/Desktop/DD_and_DV/Internships/ADI/FFT/FPGA/R2SDF_DIF/R2SDF_DIF.srcs/constrs_1/new/cons.sdc (Line: 425)
Previous Source: C:/Users/johns/Desktop/DD_and_DV/Internships/ADI/FFT/FPGA/R2SDF_DIF/R2SDF_DIF.srcs/constrs_1/new/cons.sdc (Line: 418)
Related violations: <none>

XDCC-5#6 Warning
User Non-Timing constraint/property overwritten  
A new XDC property IOSTANDARD on in_im[3] overrides a previous user property.
New Source: C:/Users/johns/Desktop/DD_and_DV/Internships/ADI/FFT/FPGA/R2SDF_DIF/R2SDF_DIF.srcs/constrs_1/new/cons.sdc (Line: 425)
Previous Source: C:/Users/johns/Desktop/DD_and_DV/Internships/ADI/FFT/FPGA/R2SDF_DIF/R2SDF_DIF.srcs/constrs_1/new/cons.sdc (Line: 418)
Related violations: <none>

XDCC-5#7 Warning
User Non-Timing constraint/property overwritten  
A new XDC property IOSTANDARD on in_im[4] overrides a previous user property.
New Source: C:/Users/johns/Desktop/DD_and_DV/Internships/ADI/FFT/FPGA/R2SDF_DIF/R2SDF_DIF.srcs/constrs_1/new/cons.sdc (Line: 430)
Previous Source: C:/Users/johns/Desktop/DD_and_DV/Internships/ADI/FFT/FPGA/R2SDF_DIF/R2SDF_DIF.srcs/constrs_1/new/cons.sdc (Line: 418)
Related violations: <none>

XDCC-5#8 Warning
User Non-Timing constraint/property overwritten  
A new XDC property IOSTANDARD on in_im[5] overrides a previous user property.
New Source: C:/Users/johns/Desktop/DD_and_DV/Internships/ADI/FFT/FPGA/R2SDF_DIF/R2SDF_DIF.srcs/constrs_1/new/cons.sdc (Line: 430)
Previous Source: C:/Users/johns/Desktop/DD_and_DV/Internships/ADI/FFT/FPGA/R2SDF_DIF/R2SDF_DIF.srcs/constrs_1/new/cons.sdc (Line: 418)
Related violations: <none>

XDCC-5#9 Warning
User Non-Timing constraint/property overwritten  
A new XDC property IOSTANDARD on in_im[6] overrides a previous user property.
New Source: C:/Users/johns/Desktop/DD_and_DV/Internships/ADI/FFT/FPGA/R2SDF_DIF/R2SDF_DIF.srcs/constrs_1/new/cons.sdc (Line: 430)
Previous Source: C:/Users/johns/Desktop/DD_and_DV/Internships/ADI/FFT/FPGA/R2SDF_DIF/R2SDF_DIF.srcs/constrs_1/new/cons.sdc (Line: 418)
Related violations: <none>

XDCC-5#10 Warning
User Non-Timing constraint/property overwritten  
A new XDC property IOSTANDARD on in_im[7] overrides a previous user property.
New Source: C:/Users/johns/Desktop/DD_and_DV/Internships/ADI/FFT/FPGA/R2SDF_DIF/R2SDF_DIF.srcs/constrs_1/new/cons.sdc (Line: 430)
Previous Source: C:/Users/johns/Desktop/DD_and_DV/Internships/ADI/FFT/FPGA/R2SDF_DIF/R2SDF_DIF.srcs/constrs_1/new/cons.sdc (Line: 418)
Related violations: <none>

XDCC-5#11 Warning
User Non-Timing constraint/property overwritten  
A new XDC property IOSTANDARD on in_im[8] overrides a previous user property.
New Source: C:/Users/johns/Desktop/DD_and_DV/Internships/ADI/FFT/FPGA/R2SDF_DIF/R2SDF_DIF.srcs/constrs_1/new/cons.sdc (Line: 430)
Previous Source: C:/Users/johns/Desktop/DD_and_DV/Internships/ADI/FFT/FPGA/R2SDF_DIF/R2SDF_DIF.srcs/constrs_1/new/cons.sdc (Line: 418)
Related violations: <none>

XDCC-5#12 Warning
User Non-Timing constraint/property overwritten  
A new XDC property IOSTANDARD on in_im[9] overrides a previous user property.
New Source: C:/Users/johns/Desktop/DD_and_DV/Internships/ADI/FFT/FPGA/R2SDF_DIF/R2SDF_DIF.srcs/constrs_1/new/cons.sdc (Line: 430)
Previous Source: C:/Users/johns/Desktop/DD_and_DV/Internships/ADI/FFT/FPGA/R2SDF_DIF/R2SDF_DIF.srcs/constrs_1/new/cons.sdc (Line: 418)
Related violations: <none>

XDCC-5#13 Warning
User Non-Timing constraint/property overwritten  
A new XDC property IOSTANDARD on in_re[0] overrides a previous user property.
New Source: C:/Users/johns/Desktop/DD_and_DV/Internships/ADI/FFT/FPGA/R2SDF_DIF/R2SDF_DIF.srcs/constrs_1/new/cons.sdc (Line: 425)
Previous Source: C:/Users/johns/Desktop/DD_and_DV/Internships/ADI/FFT/FPGA/R2SDF_DIF/R2SDF_DIF.srcs/constrs_1/new/cons.sdc (Line: 417)
Related violations: <none>

XDCC-5#14 Warning
User Non-Timing constraint/property overwritten  
A new XDC property IOSTANDARD on in_re[10] overrides a previous user property.
New Source: C:/Users/johns/Desktop/DD_and_DV/Internships/ADI/FFT/FPGA/R2SDF_DIF/R2SDF_DIF.srcs/constrs_1/new/cons.sdc (Line: 425)
Previous Source: C:/Users/johns/Desktop/DD_and_DV/Internships/ADI/FFT/FPGA/R2SDF_DIF/R2SDF_DIF.srcs/constrs_1/new/cons.sdc (Line: 417)
Related violations: <none>

XDCC-5#15 Warning
User Non-Timing constraint/property overwritten  
A new XDC property IOSTANDARD on in_re[11] overrides a previous user property.
New Source: C:/Users/johns/Desktop/DD_and_DV/Internships/ADI/FFT/FPGA/R2SDF_DIF/R2SDF_DIF.srcs/constrs_1/new/cons.sdc (Line: 425)
Previous Source: C:/Users/johns/Desktop/DD_and_DV/Internships/ADI/FFT/FPGA/R2SDF_DIF/R2SDF_DIF.srcs/constrs_1/new/cons.sdc (Line: 417)
Related violations: <none>

XDCC-5#16 Warning
User Non-Timing constraint/property overwritten  
A new XDC property IOSTANDARD on in_re[1] overrides a previous user property.
New Source: C:/Users/johns/Desktop/DD_and_DV/Internships/ADI/FFT/FPGA/R2SDF_DIF/R2SDF_DIF.srcs/constrs_1/new/cons.sdc (Line: 425)
Previous Source: C:/Users/johns/Desktop/DD_and_DV/Internships/ADI/FFT/FPGA/R2SDF_DIF/R2SDF_DIF.srcs/constrs_1/new/cons.sdc (Line: 417)
Related violations: <none>

XDCC-5#17 Warning
User Non-Timing constraint/property overwritten  
A new XDC property IOSTANDARD on in_re[2] overrides a previous user property.
New Source: C:/Users/johns/Desktop/DD_and_DV/Internships/ADI/FFT/FPGA/R2SDF_DIF/R2SDF_DIF.srcs/constrs_1/new/cons.sdc (Line: 425)
Previous Source: C:/Users/johns/Desktop/DD_and_DV/Internships/ADI/FFT/FPGA/R2SDF_DIF/R2SDF_DIF.srcs/constrs_1/new/cons.sdc (Line: 417)
Related violations: <none>

XDCC-5#18 Warning
User Non-Timing constraint/property overwritten  
A new XDC property IOSTANDARD on in_re[3] overrides a previous user property.
New Source: C:/Users/johns/Desktop/DD_and_DV/Internships/ADI/FFT/FPGA/R2SDF_DIF/R2SDF_DIF.srcs/constrs_1/new/cons.sdc (Line: 425)
Previous Source: C:/Users/johns/Desktop/DD_and_DV/Internships/ADI/FFT/FPGA/R2SDF_DIF/R2SDF_DIF.srcs/constrs_1/new/cons.sdc (Line: 417)
Related violations: <none>

XDCC-5#19 Warning
User Non-Timing constraint/property overwritten  
A new XDC property IOSTANDARD on in_re[4] overrides a previous user property.
New Source: C:/Users/johns/Desktop/DD_and_DV/Internships/ADI/FFT/FPGA/R2SDF_DIF/R2SDF_DIF.srcs/constrs_1/new/cons.sdc (Line: 425)
Previous Source: C:/Users/johns/Desktop/DD_and_DV/Internships/ADI/FFT/FPGA/R2SDF_DIF/R2SDF_DIF.srcs/constrs_1/new/cons.sdc (Line: 417)
Related violations: <none>

XDCC-5#20 Warning
User Non-Timing constraint/property overwritten  
A new XDC property IOSTANDARD on in_re[5] overrides a previous user property.
New Source: C:/Users/johns/Desktop/DD_and_DV/Internships/ADI/FFT/FPGA/R2SDF_DIF/R2SDF_DIF.srcs/constrs_1/new/cons.sdc (Line: 425)
Previous Source: C:/Users/johns/Desktop/DD_and_DV/Internships/ADI/FFT/FPGA/R2SDF_DIF/R2SDF_DIF.srcs/constrs_1/new/cons.sdc (Line: 417)
Related violations: <none>

XDCC-5#21 Warning
User Non-Timing constraint/property overwritten  
A new XDC property IOSTANDARD on in_re[6] overrides a previous user property.
New Source: C:/Users/johns/Desktop/DD_and_DV/Internships/ADI/FFT/FPGA/R2SDF_DIF/R2SDF_DIF.srcs/constrs_1/new/cons.sdc (Line: 425)
Previous Source: C:/Users/johns/Desktop/DD_and_DV/Internships/ADI/FFT/FPGA/R2SDF_DIF/R2SDF_DIF.srcs/constrs_1/new/cons.sdc (Line: 417)
Related violations: <none>

XDCC-5#22 Warning
User Non-Timing constraint/property overwritten  
A new XDC property IOSTANDARD on in_re[7] overrides a previous user property.
New Source: C:/Users/johns/Desktop/DD_and_DV/Internships/ADI/FFT/FPGA/R2SDF_DIF/R2SDF_DIF.srcs/constrs_1/new/cons.sdc (Line: 425)
Previous Source: C:/Users/johns/Desktop/DD_and_DV/Internships/ADI/FFT/FPGA/R2SDF_DIF/R2SDF_DIF.srcs/constrs_1/new/cons.sdc (Line: 417)
Related violations: <none>

XDCC-5#23 Warning
User Non-Timing constraint/property overwritten  
A new XDC property IOSTANDARD on in_re[8] overrides a previous user property.
New Source: C:/Users/johns/Desktop/DD_and_DV/Internships/ADI/FFT/FPGA/R2SDF_DIF/R2SDF_DIF.srcs/constrs_1/new/cons.sdc (Line: 425)
Previous Source: C:/Users/johns/Desktop/DD_and_DV/Internships/ADI/FFT/FPGA/R2SDF_DIF/R2SDF_DIF.srcs/constrs_1/new/cons.sdc (Line: 417)
Related violations: <none>

XDCC-5#24 Warning
User Non-Timing constraint/property overwritten  
A new XDC property IOSTANDARD on in_re[9] overrides a previous user property.
New Source: C:/Users/johns/Desktop/DD_and_DV/Internships/ADI/FFT/FPGA/R2SDF_DIF/R2SDF_DIF.srcs/constrs_1/new/cons.sdc (Line: 425)
Previous Source: C:/Users/johns/Desktop/DD_and_DV/Internships/ADI/FFT/FPGA/R2SDF_DIF/R2SDF_DIF.srcs/constrs_1/new/cons.sdc (Line: 417)
Related violations: <none>


