OpenROAD 41a51eaf4ca2171c92ff38afb91eb37bbd3f36da 
This program is licensed under the BSD-3 license. See the LICENSE file for details.
Components of this program may be licensed under more restrictive licenses which must be honored.
[INFO]: Reading ODB at '/openlane/designs/FFT/runs/full_flow_4/results/cts/fft_wrapper.odb'…
define_corners Slowest Typical Fastest
read_liberty -corner Slowest /home/menna/.ciel/sky130A/libs.ref/sky130_fd_sc_hd/lib/sky130_fd_sc_hd__ss_100C_1v60.lib
read_liberty -corner Typical /home/menna/.ciel/sky130A/libs.ref/sky130_fd_sc_hd/lib/sky130_fd_sc_hd__tt_025C_1v80.lib
read_liberty -corner Fastest /home/menna/.ciel/sky130A/libs.ref/sky130_fd_sc_hd/lib/sky130_fd_sc_hd__ff_n40C_1v95.lib
Using 1e-12 for capacitance...
Using 1e+03 for resistance...
Using 1e-09 for time...
Using 1e+00 for voltage...
Using 1e-03 for current...
Using 1e-09 for power...
Using 1e-06 for distance...
Reading design constraints file at '/openlane/designs/FFT/runs/full_flow_4/results/cts/fft_wrapper.sdc'…
[INFO]: Setting RC values...
[INFO RSZ-0040] Inserted 65 buffers.
[INFO RSZ-0041] Resized 131 instances.
[WARNING RSZ-0062] Unable to repair all setup violations.
[INFO RSZ-0033] No hold violations found.
Placement Analysis
---------------------------------
total displacement        471.6 u
average displacement        0.0 u
max displacement            7.6 u
original HPWL          567385.1 u
legalized HPWL         578171.4 u
delta HPWL                    2 %

[INFO DPL-0020] Mirrored 6304 instances
[INFO DPL-0021] HPWL before          578171.4 u
[INFO DPL-0022] HPWL after           567638.2 u
[INFO DPL-0023] HPWL delta               -1.8 %
Setting global connections for newly added cells…
Writing OpenROAD database to '/openlane/designs/FFT/runs/full_flow_4/tmp/cts/14-fft_wrapper.resized.odb'…
Writing netlist to '/openlane/designs/FFT/runs/full_flow_4/tmp/cts/14-fft_wrapper.resized.nl.v'…
Writing powered netlist to '/openlane/designs/FFT/runs/full_flow_4/tmp/cts/14-fft_wrapper.resized.pnl.v'…
Writing layout to '/openlane/designs/FFT/runs/full_flow_4/tmp/cts/14-fft_wrapper.resized.def'…
Writing timing constraints to '/openlane/designs/FFT/runs/full_flow_4/tmp/cts/14-fft_wrapper.resized.sdc'…
area_report

===========================================================================
report_design_area
============================================================================
Design area 133389 u^2 23% utilization.
area_report_end
