
===========================================================================
 report_power
============================================================================
======================= Fastest Corner ===================================

Group                  Internal  Switching    Leakage      Total
                          Power      Power      Power      Power (Watts)
----------------------------------------------------------------
Sequential             1.81e-03   3.82e-04   2.36e-06   2.19e-03   0.7%
Combinational          1.13e-01   1.89e-01   1.54e-07   3.02e-01  99.3%
Macro                  0.00e+00   0.00e+00   0.00e+00   0.00e+00   0.0%
Pad                    0.00e+00   0.00e+00   0.00e+00   0.00e+00   0.0%
----------------------------------------------------------------
Total                  1.15e-01   1.89e-01   2.51e-06   3.04e-01 100.0%
                          37.8%      62.2%       0.0%

======================= Slowest Corner ===================================

Group                  Internal  Switching    Leakage      Total
                          Power      Power      Power      Power (Watts)
----------------------------------------------------------------
Sequential             1.21e-03   2.51e-04   9.40e-06   1.47e-03   0.7%
Combinational          7.91e-02   1.26e-01   6.84e-05   2.05e-01  99.3%
Macro                  0.00e+00   0.00e+00   0.00e+00   0.00e+00   0.0%
Pad                    0.00e+00   0.00e+00   0.00e+00   0.00e+00   0.0%
----------------------------------------------------------------
Total                  8.03e-02   1.26e-01   7.78e-05   2.06e-01 100.0%
                          38.9%      61.0%       0.0%

======================= Typical Corner ===================================

Group                  Internal  Switching    Leakage      Total
                          Power      Power      Power      Power (Watts)
----------------------------------------------------------------
Sequential             1.56e-03   3.20e-04   2.35e-06   1.88e-03   0.7%
Combinational          1.02e-01   1.60e-01   9.62e-08   2.62e-01  99.3%
Macro                  0.00e+00   0.00e+00   0.00e+00   0.00e+00   0.0%
Pad                    0.00e+00   0.00e+00   0.00e+00   0.00e+00   0.0%
----------------------------------------------------------------
Total                  1.03e-01   1.60e-01   2.45e-06   2.64e-01 100.0%
                          39.2%      60.8%       0.0%

